/home/akhilalabs/Projects/FW/SDK_2_15_000_EVK9-MIMX8ULP/devices/MIMX8UD5/drivers/fsl_clock.c:220:17:CLOCK_GetPccInstance	24	static
/home/akhilalabs/Projects/FW/SDK_2_15_000_EVK9-MIMX8ULP/devices/MIMX8UD5/drivers/fsl_clock.c:253:17:CLOCK_GetMclkFreq	16	static
/home/akhilalabs/Projects/FW/SDK_2_15_000_EVK9-MIMX8ULP/devices/MIMX8UD5/drivers/fsl_clock.c:260:17:CLOCK_GetSaiRxBclkFreq	16	static
/home/akhilalabs/Projects/FW/SDK_2_15_000_EVK9-MIMX8ULP/devices/MIMX8UD5/drivers/fsl_clock.c:267:17:CLOCK_GetSaiTxBclkFreq	16	static
/home/akhilalabs/Projects/FW/SDK_2_15_000_EVK9-MIMX8ULP/devices/MIMX8UD5/drivers/fsl_clock.c:274:17:CLOCK_GetSpdifRxFreq	8	static
/home/akhilalabs/Projects/FW/SDK_2_15_000_EVK9-MIMX8ULP/devices/MIMX8UD5/drivers/fsl_clock.c:291:6:CLOCK_SetIpSrc	32	static
/home/akhilalabs/Projects/FW/SDK_2_15_000_EVK9-MIMX8ULP/devices/MIMX8UD5/drivers/fsl_clock.c:504:6:CLOCK_SetIpSrcDiv	40	static
/home/akhilalabs/Projects/FW/SDK_2_15_000_EVK9-MIMX8ULP/devices/MIMX8UD5/drivers/fsl_clock.c:531:10:CLOCK_GetLvdsClkFreq	8	static
/home/akhilalabs/Projects/FW/SDK_2_15_000_EVK9-MIMX8ULP/devices/MIMX8UD5/drivers/fsl_clock.c:542:10:CLOCK_GetCm33SlowClkFreq	8	static
/home/akhilalabs/Projects/FW/SDK_2_15_000_EVK9-MIMX8ULP/devices/MIMX8UD5/drivers/fsl_clock.c:552:10:CLOCK_GetCm33BusClkFreq	8	static
/home/akhilalabs/Projects/FW/SDK_2_15_000_EVK9-MIMX8ULP/devices/MIMX8UD5/drivers/fsl_clock.c:562:10:CLOCK_GetCm33CorePlatClkFreq	8	static
/home/akhilalabs/Projects/FW/SDK_2_15_000_EVK9-MIMX8ULP/devices/MIMX8UD5/drivers/fsl_clock.c:572:10:CLOCK_GetFusionDspSlowClkFreq	8	static
/home/akhilalabs/Projects/FW/SDK_2_15_000_EVK9-MIMX8ULP/devices/MIMX8UD5/drivers/fsl_clock.c:582:10:CLOCK_GetFusionDspBusClkFreq	8	static
/home/akhilalabs/Projects/FW/SDK_2_15_000_EVK9-MIMX8ULP/devices/MIMX8UD5/drivers/fsl_clock.c:592:10:CLOCK_GetFusionDspCorePlatClkFreq	8	static
/home/akhilalabs/Projects/FW/SDK_2_15_000_EVK9-MIMX8ULP/devices/MIMX8UD5/drivers/fsl_clock.c:604:10:CLOCK_GetXbarBusClkFreq	40	static
/home/akhilalabs/Projects/FW/SDK_2_15_000_EVK9-MIMX8ULP/devices/MIMX8UD5/drivers/fsl_clock.c:647:10:CLOCK_GetHifiDspSysClkFreq	32	static
/home/akhilalabs/Projects/FW/SDK_2_15_000_EVK9-MIMX8ULP/devices/MIMX8UD5/drivers/fsl_clock.c:700:10:CLOCK_GetLpavSysClkFreq	32	static
/home/akhilalabs/Projects/FW/SDK_2_15_000_EVK9-MIMX8ULP/devices/MIMX8UD5/drivers/fsl_clock.c:753:10:CLOCK_GetDdrClkFreq	24	static
/home/akhilalabs/Projects/FW/SDK_2_15_000_EVK9-MIMX8ULP/devices/MIMX8UD5/drivers/fsl_clock.c:796:10:CLOCK_GetFreq	24	static
/home/akhilalabs/Projects/FW/SDK_2_15_000_EVK9-MIMX8ULP/devices/MIMX8UD5/drivers/fsl_clock.c:1067:17:CLOCK_GetPcc0PlatFreq	24	static
/home/akhilalabs/Projects/FW/SDK_2_15_000_EVK9-MIMX8ULP/devices/MIMX8UD5/drivers/fsl_clock.c:1096:17:CLOCK_GetPcc0BusFreq	24	static
/home/akhilalabs/Projects/FW/SDK_2_15_000_EVK9-MIMX8ULP/devices/MIMX8UD5/drivers/fsl_clock.c:1131:17:CLOCK_GetPcc1PlatFreq	16	static
/home/akhilalabs/Projects/FW/SDK_2_15_000_EVK9-MIMX8ULP/devices/MIMX8UD5/drivers/fsl_clock.c:1136:17:CLOCK_GetPcc1BusFreq	24	static
/home/akhilalabs/Projects/FW/SDK_2_15_000_EVK9-MIMX8ULP/devices/MIMX8UD5/drivers/fsl_clock.c:1152:17:CLOCK_GetPcc2BusFreq	24	static
/home/akhilalabs/Projects/FW/SDK_2_15_000_EVK9-MIMX8ULP/devices/MIMX8UD5/drivers/fsl_clock.c:1187:17:CLOCK_GetPcc3BusFreq	24	static
/home/akhilalabs/Projects/FW/SDK_2_15_000_EVK9-MIMX8ULP/devices/MIMX8UD5/drivers/fsl_clock.c:1222:17:CLOCK_GetPcc4PlatFreq	24	static
/home/akhilalabs/Projects/FW/SDK_2_15_000_EVK9-MIMX8ULP/devices/MIMX8UD5/drivers/fsl_clock.c:1257:17:CLOCK_GetPcc4BusFreq	24	static
/home/akhilalabs/Projects/FW/SDK_2_15_000_EVK9-MIMX8ULP/devices/MIMX8UD5/drivers/fsl_clock.c:1289:17:CLOCK_GetPcc5PlatFreq	24	static
/home/akhilalabs/Projects/FW/SDK_2_15_000_EVK9-MIMX8ULP/devices/MIMX8UD5/drivers/fsl_clock.c:1324:17:CLOCK_GetPcc5BusFreq	24	static
/home/akhilalabs/Projects/FW/SDK_2_15_000_EVK9-MIMX8ULP/devices/MIMX8UD5/drivers/fsl_clock.c:1356:17:CLOCK_GetPccFreq	32	static
/home/akhilalabs/Projects/FW/SDK_2_15_000_EVK9-MIMX8ULP/devices/MIMX8UD5/drivers/fsl_clock.c:1506:10:CLOCK_GetIpFreq	32	static
/home/akhilalabs/Projects/FW/SDK_2_15_000_EVK9-MIMX8ULP/devices/MIMX8UD5/drivers/fsl_clock.c:1619:10:CLOCK_GetRtdSysClkFreq	32	static
/home/akhilalabs/Projects/FW/SDK_2_15_000_EVK9-MIMX8ULP/devices/MIMX8UD5/drivers/fsl_clock.c:1683:10:CLOCK_GetCm33SysClkFreq	16	static
/home/akhilalabs/Projects/FW/SDK_2_15_000_EVK9-MIMX8ULP/devices/MIMX8UD5/drivers/fsl_clock.c:1697:10:CLOCK_GetFusionDspSysClkFreq	16	static
/home/akhilalabs/Projects/FW/SDK_2_15_000_EVK9-MIMX8ULP/devices/MIMX8UD5/drivers/fsl_clock.c:1716:10:CLOCK_InitSysOsc	24	static
/home/akhilalabs/Projects/FW/SDK_2_15_000_EVK9-MIMX8ULP/devices/MIMX8UD5/drivers/fsl_clock.c:1759:10:CLOCK_DeinitSysOsc	16	static
/home/akhilalabs/Projects/FW/SDK_2_15_000_EVK9-MIMX8ULP/devices/MIMX8UD5/drivers/fsl_clock.c:1783:13:CLOCK_SetSysOscAsyncClkDiv	24	static
/home/akhilalabs/Projects/FW/SDK_2_15_000_EVK9-MIMX8ULP/devices/MIMX8UD5/drivers/fsl_clock.c:1818:6:CLOCK_SetRtdSysOscAsyncClkDiv	16	static
/home/akhilalabs/Projects/FW/SDK_2_15_000_EVK9-MIMX8ULP/devices/MIMX8UD5/drivers/fsl_clock.c:1832:6:CLOCK_SetAdSysOscAsyncClkDiv	16	static
/home/akhilalabs/Projects/FW/SDK_2_15_000_EVK9-MIMX8ULP/devices/MIMX8UD5/drivers/fsl_clock.c:1846:6:CLOCK_SetLpavSysOscAsyncClkDiv	16	static
/home/akhilalabs/Projects/FW/SDK_2_15_000_EVK9-MIMX8ULP/devices/MIMX8UD5/drivers/fsl_clock.c:1856:10:CLOCK_GetSysOscFreq	16	static
/home/akhilalabs/Projects/FW/SDK_2_15_000_EVK9-MIMX8ULP/devices/MIMX8UD5/drivers/fsl_clock.c:1874:17:CLOCK_GetSysOscAsyncFreq	32	static
/home/akhilalabs/Projects/FW/SDK_2_15_000_EVK9-MIMX8ULP/devices/MIMX8UD5/drivers/fsl_clock.c:1918:10:CLOCK_GetRtdSysOscAsyncFreq	16	static
/home/akhilalabs/Projects/FW/SDK_2_15_000_EVK9-MIMX8ULP/devices/MIMX8UD5/drivers/fsl_clock.c:1929:10:CLOCK_GetAdSysOscAsyncFreq	16	static
/home/akhilalabs/Projects/FW/SDK_2_15_000_EVK9-MIMX8ULP/devices/MIMX8UD5/drivers/fsl_clock.c:1940:10:CLOCK_GetLpavSysOscAsyncFreq	16	static
/home/akhilalabs/Projects/FW/SDK_2_15_000_EVK9-MIMX8ULP/devices/MIMX8UD5/drivers/fsl_clock.c:1959:10:CLOCK_InitFro	24	static
/home/akhilalabs/Projects/FW/SDK_2_15_000_EVK9-MIMX8ULP/devices/MIMX8UD5/drivers/fsl_clock.c:1996:10:CLOCK_DeinitFro	16	static
/home/akhilalabs/Projects/FW/SDK_2_15_000_EVK9-MIMX8ULP/devices/MIMX8UD5/drivers/fsl_clock.c:2020:13:CLOCK_SetFroAsyncClkDiv	24	static
/home/akhilalabs/Projects/FW/SDK_2_15_000_EVK9-MIMX8ULP/devices/MIMX8UD5/drivers/fsl_clock.c:2055:6:CLOCK_SetRtdFroAsyncClkDiv	16	static
/home/akhilalabs/Projects/FW/SDK_2_15_000_EVK9-MIMX8ULP/devices/MIMX8UD5/drivers/fsl_clock.c:2069:6:CLOCK_SetAdFroAsyncClkDiv	16	static
/home/akhilalabs/Projects/FW/SDK_2_15_000_EVK9-MIMX8ULP/devices/MIMX8UD5/drivers/fsl_clock.c:2083:6:CLOCK_SetLpavFroAsyncClkDiv	16	static
/home/akhilalabs/Projects/FW/SDK_2_15_000_EVK9-MIMX8ULP/devices/MIMX8UD5/drivers/fsl_clock.c:2091:6:CLOCK_EnableFroTuning	144	static
/home/akhilalabs/Projects/FW/SDK_2_15_000_EVK9-MIMX8ULP/devices/MIMX8UD5/drivers/fsl_clock.c:2139:10:CLOCK_GetFroFreq	16	static
/home/akhilalabs/Projects/FW/SDK_2_15_000_EVK9-MIMX8ULP/devices/MIMX8UD5/drivers/fsl_clock.c:2155:17:CLOCK_GetFroAsyncFreq	32	static
/home/akhilalabs/Projects/FW/SDK_2_15_000_EVK9-MIMX8ULP/devices/MIMX8UD5/drivers/fsl_clock.c:2198:10:CLOCK_GetRtdFroAsyncFreq	16	static
/home/akhilalabs/Projects/FW/SDK_2_15_000_EVK9-MIMX8ULP/devices/MIMX8UD5/drivers/fsl_clock.c:2209:10:CLOCK_GetAdFroAsyncFreq	16	static
/home/akhilalabs/Projects/FW/SDK_2_15_000_EVK9-MIMX8ULP/devices/MIMX8UD5/drivers/fsl_clock.c:2220:10:CLOCK_GetLpavFroAsyncFreq	16	static
/home/akhilalabs/Projects/FW/SDK_2_15_000_EVK9-MIMX8ULP/devices/MIMX8UD5/drivers/fsl_clock.c:2238:10:CLOCK_InitLposc	24	static
/home/akhilalabs/Projects/FW/SDK_2_15_000_EVK9-MIMX8ULP/devices/MIMX8UD5/drivers/fsl_clock.c:2274:10:CLOCK_DeinitLposc	16	static
/home/akhilalabs/Projects/FW/SDK_2_15_000_EVK9-MIMX8ULP/devices/MIMX8UD5/drivers/fsl_clock.c:2298:10:CLOCK_GetLpOscFreq	16	static
/home/akhilalabs/Projects/FW/SDK_2_15_000_EVK9-MIMX8ULP/devices/MIMX8UD5/drivers/fsl_clock.c:2319:10:CLOCK_GetRtcOscFreq	16	static
/home/akhilalabs/Projects/FW/SDK_2_15_000_EVK9-MIMX8ULP/devices/MIMX8UD5/drivers/fsl_clock.c:2345:6:CLOCK_SetRtcOscMonitorMode	24	static
/home/akhilalabs/Projects/FW/SDK_2_15_000_EVK9-MIMX8ULP/devices/MIMX8UD5/drivers/fsl_clock.c:2383:10:CLOCK_InitPll0	24	static
/home/akhilalabs/Projects/FW/SDK_2_15_000_EVK9-MIMX8ULP/devices/MIMX8UD5/drivers/fsl_clock.c:2431:10:CLOCK_DeinitPll0	16	static
/home/akhilalabs/Projects/FW/SDK_2_15_000_EVK9-MIMX8ULP/devices/MIMX8UD5/drivers/fsl_clock.c:2464:6:CLOCK_SetPll0AsyncClkDiv	24	static
/home/akhilalabs/Projects/FW/SDK_2_15_000_EVK9-MIMX8ULP/devices/MIMX8UD5/drivers/fsl_clock.c:2497:17:CLOCK_GetPll0CommonFreq	16	static
/home/akhilalabs/Projects/FW/SDK_2_15_000_EVK9-MIMX8ULP/devices/MIMX8UD5/drivers/fsl_clock.c:2523:10:CLOCK_GetPll0Freq	16	static
/home/akhilalabs/Projects/FW/SDK_2_15_000_EVK9-MIMX8ULP/devices/MIMX8UD5/drivers/fsl_clock.c:2545:10:CLOCK_GetPll0AsyncFreq	32	static
/home/akhilalabs/Projects/FW/SDK_2_15_000_EVK9-MIMX8ULP/devices/MIMX8UD5/drivers/fsl_clock.c:2589:10:CLOCK_GetPll0PfdFreq	56	static
/home/akhilalabs/Projects/FW/SDK_2_15_000_EVK9-MIMX8ULP/devices/MIMX8UD5/drivers/fsl_clock.c:2642:6:CLOCK_EnablePll0PfdClkout	16	static
/home/akhilalabs/Projects/FW/SDK_2_15_000_EVK9-MIMX8ULP/devices/MIMX8UD5/drivers/fsl_clock.c:2696:10:CLOCK_InitPll1	24	static
/home/akhilalabs/Projects/FW/SDK_2_15_000_EVK9-MIMX8ULP/devices/MIMX8UD5/drivers/fsl_clock.c:2747:10:CLOCK_DeinitPll1	16	static
/home/akhilalabs/Projects/FW/SDK_2_15_000_EVK9-MIMX8ULP/devices/MIMX8UD5/drivers/fsl_clock.c:2781:6:CLOCK_SetPll1AsyncClkDiv	24	static
/home/akhilalabs/Projects/FW/SDK_2_15_000_EVK9-MIMX8ULP/devices/MIMX8UD5/drivers/fsl_clock.c:2814:17:CLOCK_GetPll1CommonFreq	80	static
/home/akhilalabs/Projects/FW/SDK_2_15_000_EVK9-MIMX8ULP/devices/MIMX8UD5/drivers/fsl_clock.c:2844:10:CLOCK_GetPll1Freq	16	static
/home/akhilalabs/Projects/FW/SDK_2_15_000_EVK9-MIMX8ULP/devices/MIMX8UD5/drivers/fsl_clock.c:2866:10:CLOCK_GetPll1AsyncFreq	32	static
/home/akhilalabs/Projects/FW/SDK_2_15_000_EVK9-MIMX8ULP/devices/MIMX8UD5/drivers/fsl_clock.c:2910:10:CLOCK_GetPll1PfdFreq	56	static
/home/akhilalabs/Projects/FW/SDK_2_15_000_EVK9-MIMX8ULP/devices/MIMX8UD5/drivers/fsl_clock.c:2965:6:CLOCK_EnablePll1PfdClkout	16	static
/home/akhilalabs/Projects/FW/SDK_2_15_000_EVK9-MIMX8ULP/devices/MIMX8UD5/drivers/fsl_clock.c:2990:17:CLOCK_GetPll3CommonFreq	80	static
/home/akhilalabs/Projects/FW/SDK_2_15_000_EVK9-MIMX8ULP/devices/MIMX8UD5/drivers/fsl_clock.c:3020:10:CLOCK_GetPll3Freq	16	static
/home/akhilalabs/Projects/FW/SDK_2_15_000_EVK9-MIMX8ULP/devices/MIMX8UD5/drivers/fsl_clock.c:3042:10:CLOCK_GetPll3AsyncFreq	32	static
/home/akhilalabs/Projects/FW/SDK_2_15_000_EVK9-MIMX8ULP/devices/MIMX8UD5/drivers/fsl_clock.c:3110:10:CLOCK_GetPll3PfdFreq	56	static
/home/akhilalabs/Projects/FW/SDK_2_15_000_EVK9-MIMX8ULP/devices/MIMX8UD5/drivers/fsl_clock.c:3177:10:CLOCK_InitPll4	24	static
/home/akhilalabs/Projects/FW/SDK_2_15_000_EVK9-MIMX8ULP/devices/MIMX8UD5/drivers/fsl_clock.c:3240:10:CLOCK_DeinitPll4	16	static
/home/akhilalabs/Projects/FW/SDK_2_15_000_EVK9-MIMX8ULP/devices/MIMX8UD5/drivers/fsl_clock.c:3274:6:CLOCK_SetPll4AsyncClkDiv	24	static
/home/akhilalabs/Projects/FW/SDK_2_15_000_EVK9-MIMX8ULP/devices/MIMX8UD5/drivers/fsl_clock.c:3349:17:CLOCK_GetPll4CommonFreq	80	static
/home/akhilalabs/Projects/FW/SDK_2_15_000_EVK9-MIMX8ULP/devices/MIMX8UD5/drivers/fsl_clock.c:3379:10:CLOCK_GetPll4Freq	16	static
/home/akhilalabs/Projects/FW/SDK_2_15_000_EVK9-MIMX8ULP/devices/MIMX8UD5/drivers/fsl_clock.c:3401:10:CLOCK_GetPll4AsyncFreq	32	static
/home/akhilalabs/Projects/FW/SDK_2_15_000_EVK9-MIMX8ULP/devices/MIMX8UD5/drivers/fsl_clock.c:3469:10:CLOCK_GetPll4PfdFreq	56	static
/home/akhilalabs/Projects/FW/SDK_2_15_000_EVK9-MIMX8ULP/devices/MIMX8UD5/drivers/fsl_clock.c:3530:6:CLOCK_EnablePll4PfdClkout	16	static
/home/akhilalabs/Projects/FW/SDK_2_15_000_EVK9-MIMX8ULP/devices/MIMX8UD5/drivers/fsl_clock.c:3561:10:CLOCK_GetWdogClkFreq	24	static
/home/akhilalabs/Projects/FW/SDK_2_15_000_EVK9-MIMX8ULP/devices/MIMX8UD5/drivers/fsl_clock.c:3599:10:CLOCK_GetFlexspiClkFreq	24	static
/home/akhilalabs/Projects/FW/SDK_2_15_000_EVK9-MIMX8ULP/devices/MIMX8UD5/drivers/fsl_clock.c:3628:10:CLOCK_GetLpitClkFreq	16	static
/home/akhilalabs/Projects/FW/SDK_2_15_000_EVK9-MIMX8ULP/devices/MIMX8UD5/drivers/fsl_clock.c:3644:10:CLOCK_GetFlexioClkFreq	16	static
/home/akhilalabs/Projects/FW/SDK_2_15_000_EVK9-MIMX8ULP/devices/MIMX8UD5/drivers/fsl_clock.c:3661:10:CLOCK_GetI3cClkFreq	24	static
/home/akhilalabs/Projects/FW/SDK_2_15_000_EVK9-MIMX8ULP/devices/MIMX8UD5/drivers/fsl_clock.c:3691:10:CLOCK_GetLpspiClkFreq	24	static
/home/akhilalabs/Projects/FW/SDK_2_15_000_EVK9-MIMX8ULP/devices/MIMX8UD5/drivers/fsl_clock.c:3729:10:CLOCK_GetAdcClkFreq	24	static
/home/akhilalabs/Projects/FW/SDK_2_15_000_EVK9-MIMX8ULP/devices/MIMX8UD5/drivers/fsl_clock.c:3759:10:CLOCK_GetDacClkFreq	24	static
/home/akhilalabs/Projects/FW/SDK_2_15_000_EVK9-MIMX8ULP/devices/MIMX8UD5/drivers/fsl_clock.c:3788:10:CLOCK_GetTpiuClkFreq	16	static
/home/akhilalabs/Projects/FW/SDK_2_15_000_EVK9-MIMX8ULP/devices/MIMX8UD5/drivers/fsl_clock.c:3803:10:CLOCK_GetSwoClkFreq	16	static
/home/akhilalabs/Projects/FW/SDK_2_15_000_EVK9-MIMX8ULP/devices/MIMX8UD5/drivers/fsl_clock.c:3813:17:CLOCK_GetTpm2ClkFreq	24	static
/home/akhilalabs/Projects/FW/SDK_2_15_000_EVK9-MIMX8ULP/devices/MIMX8UD5/drivers/fsl_clock.c:3836:17:CLOCK_GetTpm3ClkFreq	24	static
/home/akhilalabs/Projects/FW/SDK_2_15_000_EVK9-MIMX8ULP/devices/MIMX8UD5/drivers/fsl_clock.c:3862:17:CLOCK_GetTpm67ClkFreq	24	static
/home/akhilalabs/Projects/FW/SDK_2_15_000_EVK9-MIMX8ULP/devices/MIMX8UD5/drivers/fsl_clock.c:3888:17:CLOCK_GetTpm8ClkFreq	24	static
/home/akhilalabs/Projects/FW/SDK_2_15_000_EVK9-MIMX8ULP/devices/MIMX8UD5/drivers/fsl_clock.c:3926:10:CLOCK_GetTpmClkFreq	32	static
/home/akhilalabs/Projects/FW/SDK_2_15_000_EVK9-MIMX8ULP/devices/MIMX8UD5/drivers/fsl_clock.c:3985:10:CLOCK_GetLpi2cClkFreq	24	static
/home/akhilalabs/Projects/FW/SDK_2_15_000_EVK9-MIMX8ULP/devices/MIMX8UD5/drivers/fsl_clock.c:4023:10:CLOCK_GetLpuartClkFreq	24	static
/home/akhilalabs/Projects/FW/SDK_2_15_000_EVK9-MIMX8ULP/devices/MIMX8UD5/drivers/fsl_clock.c:4060:10:CLOCK_GetFlexcanClkFreq	16	static
/home/akhilalabs/Projects/FW/SDK_2_15_000_EVK9-MIMX8ULP/devices/MIMX8UD5/drivers/fsl_clock.c:4071:10:CLOCK_GetCsiClkFreq	16	static
/home/akhilalabs/Projects/FW/SDK_2_15_000_EVK9-MIMX8ULP/devices/MIMX8UD5/drivers/fsl_clock.c:4082:10:CLOCK_GetDsiClkFreq	16	static
/home/akhilalabs/Projects/FW/SDK_2_15_000_EVK9-MIMX8ULP/devices/MIMX8UD5/drivers/fsl_clock.c:4093:10:CLOCK_GetEpdcClkFreq	16	static
/home/akhilalabs/Projects/FW/SDK_2_15_000_EVK9-MIMX8ULP/devices/MIMX8UD5/drivers/fsl_clock.c:4104:10:CLOCK_GetGpu2dClkFreq	16	static
/home/akhilalabs/Projects/FW/SDK_2_15_000_EVK9-MIMX8ULP/devices/MIMX8UD5/drivers/fsl_clock.c:4115:10:CLOCK_GetGpu3dClkFreq	16	static
/home/akhilalabs/Projects/FW/SDK_2_15_000_EVK9-MIMX8ULP/devices/MIMX8UD5/drivers/fsl_clock.c:4126:10:CLOCK_GetDcnanoClkFreq	16	static
/home/akhilalabs/Projects/FW/SDK_2_15_000_EVK9-MIMX8ULP/devices/MIMX8UD5/drivers/fsl_clock.c:4137:10:CLOCK_GetCsiUiClkFreq	16	static
/home/akhilalabs/Projects/FW/SDK_2_15_000_EVK9-MIMX8ULP/devices/MIMX8UD5/drivers/fsl_clock.c:4148:10:CLOCK_GetCsiEscClkFreq	16	static
/home/akhilalabs/Projects/FW/SDK_2_15_000_EVK9-MIMX8ULP/devices/MIMX8UD5/drivers/fsl_clock.c:4155:17:CLOCK_GetCm33SaiClkFreq	24	static
/home/akhilalabs/Projects/FW/SDK_2_15_000_EVK9-MIMX8ULP/devices/MIMX8UD5/drivers/fsl_clock.c:4183:17:CLOCK_GetFusionSaiClkFreq	24	static
/home/akhilalabs/Projects/FW/SDK_2_15_000_EVK9-MIMX8ULP/devices/MIMX8UD5/drivers/fsl_clock.c:4211:17:CLOCK_GetAdSaiClkFreq	24	static
/home/akhilalabs/Projects/FW/SDK_2_15_000_EVK9-MIMX8ULP/devices/MIMX8UD5/drivers/fsl_clock.c:4239:17:CLOCK_GetLpavSaiClkFreq	24	static
/home/akhilalabs/Projects/FW/SDK_2_15_000_EVK9-MIMX8ULP/devices/MIMX8UD5/drivers/fsl_clock.c:4277:10:CLOCK_GetRtdAudClkFreq	16	static
/home/akhilalabs/Projects/FW/SDK_2_15_000_EVK9-MIMX8ULP/devices/MIMX8UD5/drivers/fsl_clock.c:4326:10:CLOCK_GetAdAudClkFreq	16	static
/home/akhilalabs/Projects/FW/SDK_2_15_000_EVK9-MIMX8ULP/devices/MIMX8UD5/drivers/fsl_clock.c:4360:10:CLOCK_GetLpavAudClkFreq	16	static
/home/akhilalabs/Projects/FW/SDK_2_15_000_EVK9-MIMX8ULP/devices/MIMX8UD5/drivers/fsl_clock.c:4398:10:CLOCK_GetSaiFreq	24	static
/home/akhilalabs/Projects/FW/SDK_2_15_000_EVK9-MIMX8ULP/devices/MIMX8UD5/drivers/fsl_clock.c:4440:10:CLOCK_GetSpdifFreq	8	static
/home/akhilalabs/Projects/FW/SDK_2_15_000_EVK9-MIMX8ULP/devices/MIMX8UD5/drivers/fsl_clock.c:4451:10:CLOCK_GetMqsFreq	24	static
/home/akhilalabs/Projects/FW/SDK_2_15_000_EVK9-MIMX8ULP/devices/MIMX8UD5/drivers/fsl_clock.c:4477:10:CLOCK_GetMicfilFreq	16	static
/home/akhilalabs/Projects/FW/SDK_2_15_000_EVK9-MIMX8ULP/devices/MIMX8UD5/drivers/fsl_clock.c:4514:10:CLOCK_GetMrtFreq	8	static
