/home/akhilalabs/Projects/FW/SDK_2_15_000_EVK9-MIMX8ULP/CMSIS/Core/Include/./core_cm33.h:2378:22:__NVIC_EnableIRQ	16	static
/home/akhilalabs/Projects/FW/SDK_2_15_000_EVK9-MIMX8ULP/CMSIS/Core/Include/./core_cm33.h:2416:22:__NVIC_DisableIRQ	16	static
/home/akhilalabs/Projects/FW/SDK_2_15_000_EVK9-MIMX8ULP/devices/MIMX8UD5/drivers/fsl_clock.h:1537:20:CLOCK_EnableClock	16	static
/home/akhilalabs/Projects/FW/SDK_2_15_000_EVK9-MIMX8ULP/devices/MIMX8UD5/drivers/fsl_upower.c:68:6:uPower_IRQHandler	8	static
/home/akhilalabs/Projects/FW/SDK_2_15_000_EVK9-MIMX8ULP/devices/MIMX8UD5/drivers/fsl_upower.c:89:13:UPOWER_DummyInstallISR	16	static
/home/akhilalabs/Projects/FW/SDK_2_15_000_EVK9-MIMX8ULP/devices/MIMX8UD5/drivers/fsl_upower.c:95:13:UPOWER_LockMuInt	16	static
/home/akhilalabs/Projects/FW/SDK_2_15_000_EVK9-MIMX8ULP/devices/MIMX8UD5/drivers/fsl_upower.c:107:13:UPOWER_Ready	24	static
/home/akhilalabs/Projects/FW/SDK_2_15_000_EVK9-MIMX8ULP/devices/MIMX8UD5/drivers/fsl_upower.c:116:13:UPOWER_Callback	24	static
/home/akhilalabs/Projects/FW/SDK_2_15_000_EVK9-MIMX8ULP/devices/MIMX8UD5/drivers/fsl_upower.c:129:6:UPOWER_CheckReq	40	static
/home/akhilalabs/Projects/FW/SDK_2_15_000_EVK9-MIMX8ULP/devices/MIMX8UD5/drivers/fsl_upower.c:164:6:UPOWER_CheckReqWithArgs	40	static
/home/akhilalabs/Projects/FW/SDK_2_15_000_EVK9-MIMX8ULP/devices/MIMX8UD5/drivers/fsl_upower.c:188:6:UPOWER_Init	56	static
/home/akhilalabs/Projects/FW/SDK_2_15_000_EVK9-MIMX8ULP/devices/MIMX8UD5/drivers/fsl_upower.c:243:6:UPOWER_Deinit	8	static
/home/akhilalabs/Projects/FW/SDK_2_15_000_EVK9-MIMX8ULP/devices/MIMX8UD5/drivers/fsl_upower.c:254:5:UPOWER_PowerOnDomain	40	static
/home/akhilalabs/Projects/FW/SDK_2_15_000_EVK9-MIMX8ULP/devices/MIMX8UD5/drivers/fsl_upower.c:277:5:UPOWER_BootDomain	40	static
/home/akhilalabs/Projects/FW/SDK_2_15_000_EVK9-MIMX8ULP/devices/MIMX8UD5/drivers/fsl_upower.c:301:5:UPOWER_PowerOnSwitches	48	static
/home/akhilalabs/Projects/FW/SDK_2_15_000_EVK9-MIMX8ULP/devices/MIMX8UD5/drivers/fsl_upower.c:326:5:UPOWER_PowerOffSwitches	48	static
/home/akhilalabs/Projects/FW/SDK_2_15_000_EVK9-MIMX8ULP/devices/MIMX8UD5/drivers/fsl_upower.c:356:5:UPOWER_PowerOnMemPart	48	static
/home/akhilalabs/Projects/FW/SDK_2_15_000_EVK9-MIMX8ULP/devices/MIMX8UD5/drivers/fsl_upower.c:385:5:UPOWER_PowerOffMemPart	48	static
/home/akhilalabs/Projects/FW/SDK_2_15_000_EVK9-MIMX8ULP/devices/MIMX8UD5/drivers/fsl_upower.c:416:5:UPOWER_RetainMemPart	48	static
/home/akhilalabs/Projects/FW/SDK_2_15_000_EVK9-MIMX8ULP/devices/MIMX8UD5/drivers/fsl_upower.c:440:5:UPOWER_SetRtdUseDdr	40	static
/home/akhilalabs/Projects/FW/SDK_2_15_000_EVK9-MIMX8ULP/devices/MIMX8UD5/drivers/fsl_upower.c:464:5:UPOWER_PowerOnADInPDMode	32	static
/home/akhilalabs/Projects/FW/SDK_2_15_000_EVK9-MIMX8ULP/devices/MIMX8UD5/drivers/fsl_upower.c:489:5:UPOWER_SetPwrMgmtParam	40	static
/home/akhilalabs/Projects/FW/SDK_2_15_000_EVK9-MIMX8ULP/devices/MIMX8UD5/drivers/fsl_upower.c:512:5:UPOWER_ReduceBuck23VoltInSTBY	32	static
/home/akhilalabs/Projects/FW/SDK_2_15_000_EVK9-MIMX8ULP/devices/MIMX8UD5/drivers/fsl_upower.c:614:5:UPOWER_SetDDRRetention	40	static
/home/akhilalabs/Projects/FW/SDK_2_15_000_EVK9-MIMX8ULP/devices/MIMX8UD5/drivers/fsl_upower.c:636:5:UPOWER_ChngPmicVoltage	40	static
/home/akhilalabs/Projects/FW/SDK_2_15_000_EVK9-MIMX8ULP/devices/MIMX8UD5/drivers/fsl_upower.c:659:5:UPOWER_SetLDO1Power	120	static
/home/akhilalabs/Projects/FW/SDK_2_15_000_EVK9-MIMX8ULP/devices/MIMX8UD5/drivers/fsl_upower.c:703:5:UPOWER_SetBuck3Power	120	static
/home/akhilalabs/Projects/FW/SDK_2_15_000_EVK9-MIMX8ULP/devices/MIMX8UD5/drivers/fsl_upower.c:748:5:UPOWER_SetPmicReg	40	static
/home/akhilalabs/Projects/FW/SDK_2_15_000_EVK9-MIMX8ULP/devices/MIMX8UD5/drivers/fsl_upower.c:774:5:UPOWER_ReadPmicReg	40	static
/home/akhilalabs/Projects/FW/SDK_2_15_000_EVK9-MIMX8ULP/devices/MIMX8UD5/drivers/fsl_upower.c:798:6:UPOWER_InitBuck2Buck3Table	16	static
/home/akhilalabs/Projects/FW/SDK_2_15_000_EVK9-MIMX8ULP/devices/MIMX8UD5/drivers/fsl_upower.c:814:5:UPOWER_GetPmicVoltage	40	static
/home/akhilalabs/Projects/FW/SDK_2_15_000_EVK9-MIMX8ULP/devices/MIMX8UD5/drivers/fsl_upower.c:836:5:UPOWER_ChngRTDDomBias	80	static
