/home/akhilalabs/Projects/FW/SDK_2_15_000_EVK9-MIMX8ULP/CMSIS/Core/Include/./core_cm33.h:2378:22:__NVIC_EnableIRQ	16	static
/home/akhilalabs/Projects/FW/SDK_2_15_000_EVK9-MIMX8ULP/devices/MIMX8UD5/drivers/fsl_clock.h:1537:20:CLOCK_EnableClock	16	static
/home/akhilalabs/Projects/FW/SDK_2_15_000_EVK9-MIMX8ULP/devices/MIMX8UD5/drivers/fsl_common_arm.h:570:24:EnableIRQ	24	static
/home/akhilalabs/Projects/FW/SDK_2_15_000_EVK9-MIMX8ULP/devices/MIMX8UD5/drivers/fsl_flexspi.h:431:20:FLEXSPI_SoftwareReset	16	static
/home/akhilalabs/Projects/FW/SDK_2_15_000_EVK9-MIMX8ULP/devices/MIMX8UD5/drivers/fsl_flexspi.h:469:20:FLEXSPI_EnableInterrupts	16	static
/home/akhilalabs/Projects/FW/SDK_2_15_000_EVK9-MIMX8ULP/devices/MIMX8UD5/drivers/fsl_flexspi.h:480:20:FLEXSPI_DisableInterrupts	16	static
/home/akhilalabs/Projects/FW/SDK_2_15_000_EVK9-MIMX8ULP/devices/MIMX8UD5/drivers/fsl_flexspi.h:615:20:FLEXSPI_ClearInterruptStatusFlags	16	static
/home/akhilalabs/Projects/FW/SDK_2_15_000_EVK9-MIMX8ULP/devices/MIMX8UD5/drivers/fsl_flexspi.h:686:20:FLEXSPI_GetBusIdleStatus	16	static
/home/akhilalabs/Projects/FW/SDK_2_15_000_EVK9-MIMX8ULP/devices/MIMX8UD5/drivers/fsl_flexspi.c:118:13:FLEXSPI_Memset	32	static
/home/akhilalabs/Projects/FW/SDK_2_15_000_EVK9-MIMX8ULP/devices/MIMX8UD5/drivers/fsl_flexspi.c:130:10:FLEXSPI_GetInstance	24	static
/home/akhilalabs/Projects/FW/SDK_2_15_000_EVK9-MIMX8ULP/devices/MIMX8UD5/drivers/fsl_flexspi.c:148:17:FLEXSPI_CalculateDll	40	static
/home/akhilalabs/Projects/FW/SDK_2_15_000_EVK9-MIMX8ULP/devices/MIMX8UD5/drivers/fsl_flexspi.c:213:10:FLEXSPI_CheckAndClearError	24	static
/home/akhilalabs/Projects/FW/SDK_2_15_000_EVK9-MIMX8ULP/devices/MIMX8UD5/drivers/fsl_flexspi.c:255:6:FLEXSPI_Init	24	static
/home/akhilalabs/Projects/FW/SDK_2_15_000_EVK9-MIMX8ULP/devices/MIMX8UD5/drivers/fsl_flexspi.c:361:6:FLEXSPI_GetDefaultConfig	24	static
/home/akhilalabs/Projects/FW/SDK_2_15_000_EVK9-MIMX8ULP/devices/MIMX8UD5/drivers/fsl_flexspi.c:419:6:FLEXSPI_Deinit	16	static
/home/akhilalabs/Projects/FW/SDK_2_15_000_EVK9-MIMX8ULP/devices/MIMX8UD5/drivers/fsl_flexspi.c:432:6:FLEXSPI_UpdateDllValue	40	static
/home/akhilalabs/Projects/FW/SDK_2_15_000_EVK9-MIMX8ULP/devices/MIMX8UD5/drivers/fsl_flexspi.c:494:6:FLEXSPI_SetFlashConfig	32	static
/home/akhilalabs/Projects/FW/SDK_2_15_000_EVK9-MIMX8ULP/devices/MIMX8UD5/drivers/fsl_flexspi.c:587:6:FLEXSPI_UpdateLUT	32	static
/home/akhilalabs/Projects/FW/SDK_2_15_000_EVK9-MIMX8ULP/devices/MIMX8UD5/drivers/fsl_flexspi.c:623:6:FLEXSPI_UpdateRxSampleClock	24	static
/home/akhilalabs/Projects/FW/SDK_2_15_000_EVK9-MIMX8ULP/devices/MIMX8UD5/drivers/fsl_flexspi.c:652:10:FLEXSPI_WriteBlocking	48	static
/home/akhilalabs/Projects/FW/SDK_2_15_000_EVK9-MIMX8ULP/devices/MIMX8UD5/drivers/fsl_flexspi.c:731:10:FLEXSPI_ReadBlocking	48	static
/home/akhilalabs/Projects/FW/SDK_2_15_000_EVK9-MIMX8ULP/devices/MIMX8UD5/drivers/fsl_flexspi.c:836:10:FLEXSPI_TransferBlocking	24	static
/home/akhilalabs/Projects/FW/SDK_2_15_000_EVK9-MIMX8ULP/devices/MIMX8UD5/drivers/fsl_flexspi.c:904:6:FLEXSPI_TransferCreateHandle	32	static
/home/akhilalabs/Projects/FW/SDK_2_15_000_EVK9-MIMX8ULP/devices/MIMX8UD5/drivers/fsl_flexspi.c:945:10:FLEXSPI_TransferNonBlocking	32	static
/home/akhilalabs/Projects/FW/SDK_2_15_000_EVK9-MIMX8ULP/devices/MIMX8UD5/drivers/fsl_flexspi.c:1022:10:FLEXSPI_TransferGetCount	32	static
/home/akhilalabs/Projects/FW/SDK_2_15_000_EVK9-MIMX8ULP/devices/MIMX8UD5/drivers/fsl_flexspi.c:1049:6:FLEXSPI_TransferAbort	16	static
/home/akhilalabs/Projects/FW/SDK_2_15_000_EVK9-MIMX8ULP/devices/MIMX8UD5/drivers/fsl_flexspi.c:1063:6:FLEXSPI_TransferHandleIRQ	64	static
/home/akhilalabs/Projects/FW/SDK_2_15_000_EVK9-MIMX8ULP/devices/MIMX8UD5/drivers/fsl_flexspi.c:1222:6:FLEXSPI0_DriverIRQHandler	8	static
/home/akhilalabs/Projects/FW/SDK_2_15_000_EVK9-MIMX8ULP/devices/MIMX8UD5/drivers/fsl_flexspi.c:1230:6:FLEXSPI1_DriverIRQHandler	8	static
/home/akhilalabs/Projects/FW/SDK_2_15_000_EVK9-MIMX8ULP/devices/MIMX8UD5/drivers/fsl_flexspi.c:1238:6:FLEXSPI2_DriverIRQHandler	8	static
