Archive member included to satisfy reference by file (symbol)

/home/akhilalabs/.mcuxpressotools/arm-gnu-toolchain-13.2.Rel1-x86_64-arm-none-eabi/bin/../lib/gcc/arm-none-eabi/13.2.1/thumb/v8-m.main+fp/hard/libgcc.a(_arm_addsubdf3.o)
                              CMakeFiles/flexspi_psram_polling_transfer.elf.dir/home/akhilalabs/Projects/FW/SDK_2_15_000_EVK9-MIMX8ULP/devices/MIMX8UD5/drivers/fsl_upower.c.obj (__aeabi_dadd)
/home/akhilalabs/.mcuxpressotools/arm-gnu-toolchain-13.2.Rel1-x86_64-arm-none-eabi/bin/../lib/gcc/arm-none-eabi/13.2.1/thumb/v8-m.main+fp/hard/libgcc.a(_aeabi_uldivmod.o)
                              CMakeFiles/flexspi_psram_polling_transfer.elf.dir/home/akhilalabs/Projects/FW/SDK_2_15_000_EVK9-MIMX8ULP/devices/MIMX8UD5/system_MIMX8UD5_cm33.c.obj (__aeabi_uldivmod)
/home/akhilalabs/.mcuxpressotools/arm-gnu-toolchain-13.2.Rel1-x86_64-arm-none-eabi/bin/../lib/gcc/arm-none-eabi/13.2.1/thumb/v8-m.main+fp/hard/libgcc.a(_udivmoddi4.o)
                              /home/akhilalabs/.mcuxpressotools/arm-gnu-toolchain-13.2.Rel1-x86_64-arm-none-eabi/bin/../lib/gcc/arm-none-eabi/13.2.1/thumb/v8-m.main+fp/hard/libgcc.a(_aeabi_uldivmod.o) (__udivmoddi4)
/home/akhilalabs/.mcuxpressotools/arm-gnu-toolchain-13.2.Rel1-x86_64-arm-none-eabi/bin/../lib/gcc/arm-none-eabi/13.2.1/thumb/v8-m.main+fp/hard/libgcc.a(_dvmd_tls.o)
                              /home/akhilalabs/.mcuxpressotools/arm-gnu-toolchain-13.2.Rel1-x86_64-arm-none-eabi/bin/../lib/gcc/arm-none-eabi/13.2.1/thumb/v8-m.main+fp/hard/libgcc.a(_aeabi_uldivmod.o) (__aeabi_ldiv0)
/home/akhilalabs/.mcuxpressotools/arm-gnu-toolchain-13.2.Rel1-x86_64-arm-none-eabi/bin/../lib/gcc/arm-none-eabi/13.2.1/../../../../arm-none-eabi/lib/thumb/v8-m.main+fp/hard/libc_nano.a(libc_a-exit.o)
                              /home/akhilalabs/.mcuxpressotools/arm-gnu-toolchain-13.2.Rel1-x86_64-arm-none-eabi/bin/../lib/gcc/arm-none-eabi/13.2.1/../../../../arm-none-eabi/lib/thumb/v8-m.main+fp/hard/crt0.o (exit)
/home/akhilalabs/.mcuxpressotools/arm-gnu-toolchain-13.2.Rel1-x86_64-arm-none-eabi/bin/../lib/gcc/arm-none-eabi/13.2.1/../../../../arm-none-eabi/lib/thumb/v8-m.main+fp/hard/libc_nano.a(libc_a-strtoul.o)
                              CMakeFiles/flexspi_psram_polling_transfer.elf.dir/home/akhilalabs/Projects/FW/SDK_2_15_000_EVK9-MIMX8ULP/devices/MIMX8UD5/utilities/str/fsl_str.c.obj (strtoul)
/home/akhilalabs/.mcuxpressotools/arm-gnu-toolchain-13.2.Rel1-x86_64-arm-none-eabi/bin/../lib/gcc/arm-none-eabi/13.2.1/../../../../arm-none-eabi/lib/thumb/v8-m.main+fp/hard/libc_nano.a(libc_a-init.o)
                              /home/akhilalabs/.mcuxpressotools/arm-gnu-toolchain-13.2.Rel1-x86_64-arm-none-eabi/bin/../lib/gcc/arm-none-eabi/13.2.1/../../../../arm-none-eabi/lib/thumb/v8-m.main+fp/hard/crt0.o (__libc_init_array)
/home/akhilalabs/.mcuxpressotools/arm-gnu-toolchain-13.2.Rel1-x86_64-arm-none-eabi/bin/../lib/gcc/arm-none-eabi/13.2.1/../../../../arm-none-eabi/lib/thumb/v8-m.main+fp/hard/libc_nano.a(libc_a-impure.o)
                              /home/akhilalabs/.mcuxpressotools/arm-gnu-toolchain-13.2.Rel1-x86_64-arm-none-eabi/bin/../lib/gcc/arm-none-eabi/13.2.1/../../../../arm-none-eabi/lib/thumb/v8-m.main+fp/hard/libc_nano.a(libc_a-strtoul.o) (_impure_ptr)
/home/akhilalabs/.mcuxpressotools/arm-gnu-toolchain-13.2.Rel1-x86_64-arm-none-eabi/bin/../lib/gcc/arm-none-eabi/13.2.1/../../../../arm-none-eabi/lib/thumb/v8-m.main+fp/hard/libc_nano.a(libc_a-malloc.o)
                              CMakeFiles/flexspi_psram_polling_transfer.elf.dir/home/akhilalabs/Projects/FW/SDK_2_15_000_EVK9-MIMX8ULP/devices/MIMX8UD5/drivers/fsl_common.c.obj (malloc)
/home/akhilalabs/.mcuxpressotools/arm-gnu-toolchain-13.2.Rel1-x86_64-arm-none-eabi/bin/../lib/gcc/arm-none-eabi/13.2.1/../../../../arm-none-eabi/lib/thumb/v8-m.main+fp/hard/libc_nano.a(libc_a-mallocr.o)
                              /home/akhilalabs/.mcuxpressotools/arm-gnu-toolchain-13.2.Rel1-x86_64-arm-none-eabi/bin/../lib/gcc/arm-none-eabi/13.2.1/../../../../arm-none-eabi/lib/thumb/v8-m.main+fp/hard/libc_nano.a(libc_a-malloc.o) (_malloc_r)
/home/akhilalabs/.mcuxpressotools/arm-gnu-toolchain-13.2.Rel1-x86_64-arm-none-eabi/bin/../lib/gcc/arm-none-eabi/13.2.1/../../../../arm-none-eabi/lib/thumb/v8-m.main+fp/hard/libc_nano.a(libc_a-findfp.o)
                              /home/akhilalabs/.mcuxpressotools/arm-gnu-toolchain-13.2.Rel1-x86_64-arm-none-eabi/bin/../lib/gcc/arm-none-eabi/13.2.1/../../../../arm-none-eabi/lib/thumb/v8-m.main+fp/hard/libc_nano.a(libc_a-exit.o) (__stdio_exit_handler)
/home/akhilalabs/.mcuxpressotools/arm-gnu-toolchain-13.2.Rel1-x86_64-arm-none-eabi/bin/../lib/gcc/arm-none-eabi/13.2.1/../../../../arm-none-eabi/lib/thumb/v8-m.main+fp/hard/libc_nano.a(libc_a-strlen.o)
                              CMakeFiles/flexspi_psram_polling_transfer.elf.dir/home/akhilalabs/Projects/FW/SDK_2_15_000_EVK9-MIMX8ULP/devices/MIMX8UD5/utilities/str/fsl_str.c.obj (strlen)
[...]
Memory Configuration

Name             Origin             Length             Attributes
m_interrupts     0x0ffc2000         0x00000320         xr
m_text           0x0ffc2320         0x0003dce0         xr
m_m33_suspend_ram 0x20000000         0x00004000         rw
m_a35_suspend_ram 0x20004000         0x00004000         rw
m_data           0x20008000         0x00028000         rw
m_ncache         0x20030000         0x00008000         rw
*default*        0x00000000         0xffffffff

Linker script and memory map

LOAD /home/akhilalabs/.mcuxpressotools/arm-gnu-toolchain-13.2.Rel1-x86_64-arm-none-eabi/bin/../lib/gcc/arm-none-eabi/13.2.1/thumb/v8-m.main+fp/hard/crti.o
LOAD /home/akhilalabs/.mcuxpressotools/arm-gnu-toolchain-13.2.Rel1-x86_64-arm-none-eabi/bin/../lib/gcc/arm-none-eabi/13.2.1/thumb/v8-m.main+fp/hard/crtbegin.o
LOAD /home/akhilalabs/.mcuxpressotools/arm-gnu-toolchain-13.2.Rel1-x86_64-arm-none-eabi/bin/../lib/gcc/arm-none-eabi/13.2.1/../../../../arm-none-eabi/lib/thumb/v8-m.main+fp/hard/crt0.o
LOAD CMakeFiles/flexspi_psram_polling_transfer.elf.dir/home/akhilalabs/Projects/FW/evk9mimx8ulp_flexspi_psram_polling_transfer2/board.c.obj
LOAD CMakeFiles/flexspi_psram_polling_transfer.elf.dir/home/akhilalabs/Projects/FW/evk9mimx8ulp_flexspi_psram_polling_transfer2/clock_config.c.obj
LOAD CMakeFiles/flexspi_psram_polling_transfer.elf.dir/home/akhilalabs/Projects/FW/evk9mimx8ulp_flexspi_psram_polling_transfer2/empty_rsc_table.c.obj
LOAD CMakeFiles/flexspi_psram_polling_transfer.elf.dir/home/akhilalabs/Projects/FW/evk9mimx8ulp_flexspi_psram_polling_transfer2/flexspi_psram_polling_transfer.c.obj
LOAD CMakeFiles/flexspi_psram_polling_transfer.elf.dir/home/akhilalabs/Projects/FW/evk9mimx8ulp_flexspi_psram_polling_transfer2/pin_mux.c.obj
LOAD CMakeFiles/flexspi_psram_polling_transfer.elf.dir/home/akhilalabs/Projects/FW/SDK_2_15_000_EVK9-MIMX8ULP/components/lists/fsl_component_generic_list.c.obj
LOAD CMakeFiles/flexspi_psram_polling_transfer.elf.dir/home/akhilalabs/Projects/FW/SDK_2_15_000_EVK9-MIMX8ULP/components/uart/fsl_adapter_lpuart.c.obj
LOAD CMakeFiles/flexspi_psram_polling_transfer.elf.dir/home/akhilalabs/Projects/FW/SDK_2_15_000_EVK9-MIMX8ULP/devices/MIMX8UD5/system_MIMX8UD5_cm33.c.obj
LOAD CMakeFiles/flexspi_psram_polling_transfer.elf.dir/home/akhilalabs/Projects/FW/SDK_2_15_000_EVK9-MIMX8ULP/devices/MIMX8UD5/gcc/startup_MIMX8UD5_cm33.S.obj
LOAD CMakeFiles/flexspi_psram_polling_transfer.elf.dir/home/akhilalabs/Projects/FW/SDK_2_15_000_EVK9-MIMX8ULP/devices/MIMX8UD5/drivers/fsl_cache.c.obj
LOAD CMakeFiles/flexspi_psram_polling_transfer.elf.dir/home/akhilalabs/Projects/FW/SDK_2_15_000_EVK9-MIMX8ULP/devices/MIMX8UD5/drivers/fsl_clock.c.obj
LOAD CMakeFiles/flexspi_psram_polling_transfer.elf.dir/home/akhilalabs/Projects/FW/SDK_2_15_000_EVK9-MIMX8ULP/devices/MIMX8UD5/drivers/fsl_common.c.obj
LOAD CMakeFiles/flexspi_psram_polling_transfer.elf.dir/home/akhilalabs/Projects/FW/SDK_2_15_000_EVK9-MIMX8ULP/devices/MIMX8UD5/drivers/fsl_common_arm.c.obj
LOAD CMakeFiles/flexspi_psram_polling_transfer.elf.dir/home/akhilalabs/Projects/FW/SDK_2_15_000_EVK9-MIMX8ULP/devices/MIMX8UD5/drivers/fsl_flexspi.c.obj
LOAD CMakeFiles/flexspi_psram_polling_transfer.elf.dir/home/akhilalabs/Projects/FW/SDK_2_15_000_EVK9-MIMX8ULP/devices/MIMX8UD5/drivers/fsl_fusion.c.obj
LOAD CMakeFiles/flexspi_psram_polling_transfer.elf.dir/home/akhilalabs/Projects/FW/SDK_2_15_000_EVK9-MIMX8ULP/devices/MIMX8UD5/drivers/fsl_lpuart.c.obj
LOAD CMakeFiles/flexspi_psram_polling_transfer.elf.dir/home/akhilalabs/Projects/FW/SDK_2_15_000_EVK9-MIMX8ULP/devices/MIMX8UD5/drivers/fsl_mu.c.obj
LOAD CMakeFiles/flexspi_psram_polling_transfer.elf.dir/home/akhilalabs/Projects/FW/SDK_2_15_000_EVK9-MIMX8ULP/devices/MIMX8UD5/drivers/fsl_reset.c.obj
LOAD CMakeFiles/flexspi_psram_polling_transfer.elf.dir/home/akhilalabs/Projects/FW/SDK_2_15_000_EVK9-MIMX8ULP/devices/MIMX8UD5/drivers/fsl_rgpio.c.obj
LOAD CMakeFiles/flexspi_psram_polling_transfer.elf.dir/home/akhilalabs/Projects/FW/SDK_2_15_000_EVK9-MIMX8ULP/devices/MIMX8UD5/drivers/fsl_sentinel.c.obj
LOAD CMakeFiles/flexspi_psram_polling_transfer.elf.dir/home/akhilalabs/Projects/FW/SDK_2_15_000_EVK9-MIMX8ULP/devices/MIMX8UD5/drivers/fsl_trdc.c.obj
LOAD CMakeFiles/flexspi_psram_polling_transfer.elf.dir/home/akhilalabs/Projects/FW/SDK_2_15_000_EVK9-MIMX8ULP/devices/MIMX8UD5/drivers/fsl_upower.c.obj
LOAD CMakeFiles/flexspi_psram_polling_transfer.elf.dir/home/akhilalabs/Projects/FW/SDK_2_15_000_EVK9-MIMX8ULP/devices/MIMX8UD5/drivers/upower/upower_api.c.obj
LOAD CMakeFiles/flexspi_psram_polling_transfer.elf.dir/home/akhilalabs/Projects/FW/SDK_2_15_000_EVK9-MIMX8ULP/devices/MIMX8UD5/utilities/fsl_sbrk.c.obj
LOAD CMakeFiles/flexspi_psram_polling_transfer.elf.dir/home/akhilalabs/Projects/FW/SDK_2_15_000_EVK9-MIMX8ULP/devices/MIMX8UD5/utilities/fsl_syscall_stub.c.obj
LOAD CMakeFiles/flexspi_psram_polling_transfer.elf.dir/home/akhilalabs/Projects/FW/SDK_2_15_000_EVK9-MIMX8ULP/devices/MIMX8UD5/utilities/fsl_memcpy.S.obj
LOAD CMakeFiles/flexspi_psram_polling_transfer.elf.dir/home/akhilalabs/Projects/FW/SDK_2_15_000_EVK9-MIMX8ULP/devices/MIMX8UD5/utilities/debug_console_lite/fsl_assert.c.obj
LOAD CMakeFiles/flexspi_psram_polling_transfer.elf.dir/home/akhilalabs/Projects/FW/SDK_2_15_000_EVK9-MIMX8ULP/devices/MIMX8UD5/utilities/str/fsl_str.c.obj
LOAD CMakeFiles/flexspi_psram_polling_transfer.elf.dir/home/akhilalabs/Projects/FW/SDK_2_15_000_EVK9-MIMX8ULP/devices/MIMX8UD5/utilities/debug_console_lite/fsl_debug_console.c.obj
START GROUP
LOAD /home/akhilalabs/.mcuxpressotools/arm-gnu-toolchain-13.2.Rel1-x86_64-arm-none-eabi/bin/../lib/gcc/arm-none-eabi/13.2.1/thumb/v8-m.main+fp/hard/libgcc.a
LOAD /home/akhilalabs/.mcuxpressotools/arm-gnu-toolchain-13.2.Rel1-x86_64-arm-none-eabi/bin/../lib/gcc/arm-none-eabi/13.2.1/../../../../arm-none-eabi/lib/thumb/v8-m.main+fp/hard/libc_nano.a
LOAD /home/akhilalabs/.mcuxpressotools/arm-gnu-toolchain-13.2.Rel1-x86_64-arm-none-eabi/bin/../lib/gcc/arm-none-eabi/13.2.1/../../../../arm-none-eabi/lib/thumb/v8-m.main+fp/hard/libm.a
LOAD /home/akhilalabs/.mcuxpressotools/arm-gnu-toolchain-13.2.Rel1-x86_64-arm-none-eabi/bin/../lib/gcc/arm-none-eabi/13.2.1/../../../../arm-none-eabi/lib/thumb/v8-m.main+fp/hard/libcr_newlib_nohost.a
END GROUP
START GROUP
LOAD /home/akhilalabs/.mcuxpressotools/arm-gnu-toolchain-13.2.Rel1-x86_64-arm-none-eabi/bin/../lib/gcc/arm-none-eabi/13.2.1/thumb/v8-m.main+fp/hard/libgcc.a
LOAD /home/akhilalabs/.mcuxpressotools/arm-gnu-toolchain-13.2.Rel1-x86_64-arm-none-eabi/bin/../lib/gcc/arm-none-eabi/13.2.1/../../../../arm-none-eabi/lib/thumb/v8-m.main+fp/hard/libg_nano.a
LOAD /home/akhilalabs/.mcuxpressotools/arm-gnu-toolchain-13.2.Rel1-x86_64-arm-none-eabi/bin/../lib/gcc/arm-none-eabi/13.2.1/../../../../arm-none-eabi/lib/thumb/v8-m.main+fp/hard/libc_nano.a
END GROUP
START GROUP
LOAD /home/akhilalabs/.mcuxpressotools/arm-gnu-toolchain-13.2.Rel1-x86_64-arm-none-eabi/bin/../lib/gcc/arm-none-eabi/13.2.1/thumb/v8-m.main+fp/hard/libgcc.a
LOAD /home/akhilalabs/.mcuxpressotools/arm-gnu-toolchain-13.2.Rel1-x86_64-arm-none-eabi/bin/../lib/gcc/arm-none-eabi/13.2.1/../../../../arm-none-eabi/lib/thumb/v8-m.main+fp/hard/libc_nano.a
LOAD /home/akhilalabs/.mcuxpressotools/arm-gnu-toolchain-13.2.Rel1-x86_64-arm-none-eabi/bin/../lib/gcc/arm-none-eabi/13.2.1/../../../../arm-none-eabi/lib/thumb/v8-m.main+fp/hard/libnosys.a
END GROUP
START GROUP
LOAD /home/akhilalabs/.mcuxpressotools/arm-gnu-toolchain-13.2.Rel1-x86_64-arm-none-eabi/bin/../lib/gcc/arm-none-eabi/13.2.1/thumb/v8-m.main+fp/hard/libgcc.a
LOAD /home/akhilalabs/.mcuxpressotools/arm-gnu-toolchain-13.2.Rel1-x86_64-arm-none-eabi/bin/../lib/gcc/arm-none-eabi/13.2.1/../../../../arm-none-eabi/lib/thumb/v8-m.main+fp/hard/libc_nano.a
LOAD /home/akhilalabs/.mcuxpressotools/arm-gnu-toolchain-13.2.Rel1-x86_64-arm-none-eabi/bin/../lib/gcc/arm-none-eabi/13.2.1/../../../../arm-none-eabi/lib/thumb/v8-m.main+fp/hard/libnosys.a
END GROUP
LOAD /home/akhilalabs/.mcuxpressotools/arm-gnu-toolchain-13.2.Rel1-x86_64-arm-none-eabi/bin/../lib/gcc/arm-none-eabi/13.2.1/thumb/v8-m.main+fp/hard/crtend.o
LOAD /home/akhilalabs/.mcuxpressotools/arm-gnu-toolchain-13.2.Rel1-x86_64-arm-none-eabi/bin/../lib/gcc/arm-none-eabi/13.2.1/thumb/v8-m.main+fp/hard/crtn.o
                0x00000400                        HEAP_SIZE = DEFINED (__heap_size__)?__heap_size__:0x400
                0x00000400                        STACK_SIZE = DEFINED (__stack_size__)?__stack_size__:0x400
                0x00000000                        M_VECTOR_RAM_SIZE = DEFINED (__ram_vector_table__)?0x320:0x0

.interrupts     0x0ffc2000      0x318
                0x0ffc2000                        __VECTOR_TABLE = .
                0x0ffc2000                        __Vectors = .
                0x0ffc2000                        . = ALIGN (0x4)
 *(.isr_vector)
 .isr_vector    0x0ffc2000      0x318 CMakeFiles/flexspi_psram_polling_transfer.elf.dir/home/akhilalabs/Projects/FW/SDK_2_15_000_EVK9-MIMX8ULP/devices/MIMX8UD5/gcc/startup_MIMX8UD5_cm33.S.obj
                0x0ffc2000                __isr_vector
                0x0ffc2318                        . = ALIGN (0x4)
                0x0ffc2318                        __stext = .

.resource_table
                0x0ffc2320       0x10
                0x0ffc2320                        . = ALIGN (0x8)
 *(.resource_table)
 .resource_table
                0x0ffc2320       0x10 CMakeFiles/flexspi_psram_polling_transfer.elf.dir/home/akhilalabs/Projects/FW/evk9mimx8ulp_flexspi_psram_polling_transfer2/empty_rsc_table.c.obj
                0x0ffc2320                resource_table
                0x0ffc2330                        . = ALIGN (0x8)

.text           0x0ffc2330     0xc2bc
                0x0ffc2330                        . = ALIGN (0x4)
 *(.text)
 .text          0x0ffc2330       0x7c /home/akhilalabs/.mcuxpressotools/arm-gnu-toolchain-13.2.Rel1-x86_64-arm-none-eabi/bin/../lib/gcc/arm-none-eabi/13.2.1/../../../../arm-none-eabi/lib/thumb/v8-m.main+fp/hard/crt0.o
                0x0ffc2330                _stack_init
                0x0ffc2338                _mainCRTStartup
                0x0ffc2338                _start
 .text          0x0ffc23ac      0x410 CMakeFiles/flexspi_psram_polling_transfer.elf.dir/home/akhilalabs/Projects/FW/SDK_2_15_000_EVK9-MIMX8ULP/devices/MIMX8UD5/gcc/startup_MIMX8UD5_cm33.S.obj
                0x0ffc23ac                Reset_Handler
                0x0ffc2444                MU2_A_IRQHandler
                0x0ffc2444                LPSPI2_DriverIRQHandler
                0x0ffc2444                DebugMon_Handler
                0x0ffc2444                I3C0_DriverIRQHandler
                0x0ffc2444                PXP_IRQHandler
                0x0ffc2444                DMA0_DriverIRQHandler
                0x0ffc2444                SPDIF_DriverIRQHandler
                0x0ffc2444                TRDC_IRQHandler
                0x0ffc2444                LPI2C0_DriverIRQHandler
                0x0ffc2444                CGC2_IRQHandler
                0x0ffc2444                GPIOA_INT0_IRQHandler
                0x0ffc2444                TPM0_IRQHandler
                0x0ffc2444                LPIT0_IRQHandler
                0x0ffc2444                GPIOF_INT0_IRQHandler
                0x0ffc2444                SAI7_DriverIRQHandler
                0x0ffc2444                USB1_IRQHandler
                0x0ffc2444                LPI2C3_DriverIRQHandler
                0x0ffc2444                PowerQuad_IRQHandler
                0x0ffc2444                Reserved116_IRQHandler
                0x0ffc2444                WDOG0_IRQHandler
                0x0ffc2444                SNTNonSecure_IRQHandler
                0x0ffc2444                GPU2D_IRQHandler
                0x0ffc2444                ADC0_IRQHandler
                0x0ffc2444                FLEXIO0_DriverIRQHandler
                0x0ffc2444                UsageFault_Handler
                0x0ffc2444                WDOG1_IRQHandler
                0x0ffc2444                BBNSM_IRQHandler
                0x0ffc2444                DefaultISR
                0x0ffc2444                CMP1_IRQHandler
                0x0ffc2444                WDOG4_IRQHandler
                0x0ffc2444                Reserved164_IRQHandler
                0x0ffc2444                WUU0_IRQHandler
                0x0ffc2444                ADC1_IRQHandler
                0x0ffc2444                GPIOE_INT0_IRQHandler
                0x0ffc2444                TPM2_IRQHandler
                0x0ffc2444                FLEXIO1_DriverIRQHandler
                0x0ffc2444                GPIOF_INT1_IRQHandler
                0x0ffc2444                CMC0_IRQHandler
                0x0ffc2444                SAI1_DriverIRQHandler
                0x0ffc2444                EWM_IRQHandler
                0x0ffc2444                USBPHY1_IRQHandler
                0x0ffc2444                TPM3_IRQHandler
                0x0ffc2444                WDOG2_IRQHandler
                0x0ffc2444                EPDC_IRQHandler
                0x0ffc2444                GPIOE_INT1_IRQHandler
                0x0ffc2444                GPIOB_INT0_IRQHandler
                0x0ffc2444                SNTCommandInterface_IRQHandler
                0x0ffc2444                Reserved108_IRQHandler
                0x0ffc2444                CTI1_IRQHandler
                0x0ffc2444                SecureFault_Handler
                0x0ffc2444                CMC2_IRQHandler
                0x0ffc2444                MDDR_IRQHandler
                0x0ffc2444                Reserved161_IRQHandler
                0x0ffc2444                FlexSPI0_DriverIRQHandler
                0x0ffc2444                uSDHC0_DriverIRQHandler
                0x0ffc2444                FlexSPI2_DriverIRQHandler
                0x0ffc2444                SIM0_IRQHandler
                0x0ffc2444                SNTSecure_IRQHandler
                0x0ffc2444                LPSPI0_DriverIRQHandler
                0x0ffc2444                MU0_A_IRQHandler
                0x0ffc2444                CTI0_IRQHandler
                0x0ffc2444                XRDC_IRQHandler
                0x0ffc2444                GPIOD_INT0_IRQHandler
                0x0ffc2444                USB0_IRQHandler
                0x0ffc2444                GPIOA_INT1_IRQHandler
                0x0ffc2444                MemManage_Handler
                0x0ffc2444                SAI2_DriverIRQHandler
                0x0ffc2444                Reserved166_IRQHandler
                0x0ffc2444                PDM_EVENT_DriverIRQHandler
                0x0ffc2444                CGC0_IRQHandler
                0x0ffc2444                SAI3_DriverIRQHandler
                0x0ffc2444                Reserved109_IRQHandler
                0x0ffc2444                CGC1_IRQHandler
                0x0ffc2444                SAI6_DriverIRQHandler
                0x0ffc2444                DMA1_DriverIRQHandler
                0x0ffc2444                LPI2C1_DriverIRQHandler
                0x0ffc2444                LPSPI1_DriverIRQHandler
                0x0ffc2444                DAC0_IRQHandler
                0x0ffc2444                DSI_IRQHandler
                0x0ffc2444                GPIOC_INT1_IRQHandler
                0x0ffc2444                TPM4_IRQHandler
                0x0ffc2444                GPU3D_IRQHandler
                0x0ffc2444                CASPER_IRQHandler
                0x0ffc2444                PMC_IRQHandler
                0x0ffc2444                TPM1_IRQHandler
                0x0ffc2444                Reserved163_IRQHandler
                0x0ffc2444                uSDHC1_DriverIRQHandler
                0x0ffc2444                uSDHC2_DriverIRQHandler
                0x0ffc2444                USBPHY0_IRQHandler
                0x0ffc2444                DAC1_IRQHandler
                0x0ffc2444                CAN0_DriverIRQHandler
                0x0ffc2444                SAI0_DriverIRQHandler
                0x0ffc2444                CMC1_IRQHandler
                0x0ffc2444                I3C1_DriverIRQHandler
                0x0ffc2444                MU1_A_IRQHandler
                0x0ffc2444                MRT0_IRQHandler
                0x0ffc2444                LPTMR0_IRQHandler
                0x0ffc2444                BusFault_Handler
                0x0ffc2444                DMA2_DriverIRQHandler
                0x0ffc2444                LPSPI3_DriverIRQHandler
                0x0ffc2444                GPIOC_INT0_IRQHandler
                0x0ffc2444                PDM_HWVAD_EVENT_DriverIRQHandler
                0x0ffc2444                Reserved165_IRQHandler
                0x0ffc2444                LPI2C2_DriverIRQHandler
                0x0ffc2444                WDOG3_IRQHandler
                0x0ffc2444                GPIOB_INT1_IRQHandler
                0x0ffc2444                Reserved162_IRQHandler
                0x0ffc2444                LPTMR1_IRQHandler
                0x0ffc2444                CMP0_IRQHandler
                0x0ffc2444                GPIOD_INT1_IRQHandler
                0x0ffc2444                FlexSPI1_DriverIRQHandler
                0x0ffc2444                DCNano_IRQHandler
                0x0ffc2448                NMI_Handler
                0x0ffc244c                HardFault_Handler
                0x0ffc2450                SVC_Handler
                0x0ffc2454                PendSV_Handler
                0x0ffc2458                SysTick_Handler
                0x0ffc245c                DMA0_0_IRQHandler
                0x0ffc2464                DMA0_1_IRQHandler
                0x0ffc246c                DMA0_2_IRQHandler
                0x0ffc2474                DMA0_3_IRQHandler
                0x0ffc247c                DMA0_4_IRQHandler
                0x0ffc2484                DMA0_5_IRQHandler
                0x0ffc248c                DMA0_6_IRQHandler
                0x0ffc2494                DMA0_7_IRQHandler
                0x0ffc249c                DMA0_8_IRQHandler
                0x0ffc24a4                DMA0_9_IRQHandler
                0x0ffc24ac                DMA0_10_IRQHandler
                0x0ffc24b4                DMA0_11_IRQHandler
                0x0ffc24bc                DMA0_12_IRQHandler
                0x0ffc24c4                DMA0_13_IRQHandler
                0x0ffc24cc                DMA0_14_IRQHandler
                0x0ffc24d4                DMA0_15_IRQHandler
                0x0ffc24dc                DMA0_16_IRQHandler
                0x0ffc24e4                DMA0_17_IRQHandler
                0x0ffc24ec                DMA0_18_IRQHandler
                0x0ffc24f4                DMA0_19_IRQHandler
                0x0ffc24fc                DMA0_20_IRQHandler
                0x0ffc2504                DMA0_21_IRQHandler
                0x0ffc250c                DMA0_22_IRQHandler
                0x0ffc2514                DMA0_23_IRQHandler
                0x0ffc251c                DMA0_24_IRQHandler
                0x0ffc2524                DMA0_25_IRQHandler
                0x0ffc252c                DMA0_26_IRQHandler
                0x0ffc2534                DMA0_27_IRQHandler
                0x0ffc253c                DMA0_28_IRQHandler
                0x0ffc2544                DMA0_29_IRQHandler
                0x0ffc254c                DMA0_30_IRQHandler
                0x0ffc2554                DMA0_31_IRQHandler
                0x0ffc255c                DMA2_0_IRQHandler
                0x0ffc2564                DMA2_1_IRQHandler
                0x0ffc256c                DMA2_2_IRQHandler
                0x0ffc2574                DMA2_3_IRQHandler
                0x0ffc257c                DMA2_4_IRQHandler
                0x0ffc2584                DMA2_5_IRQHandler
                0x0ffc258c                DMA2_6_IRQHandler
                0x0ffc2594                DMA2_7_IRQHandler
                0x0ffc259c                DMA2_8_IRQHandler
                0x0ffc25a4                DMA2_9_IRQHandler
                0x0ffc25ac                DMA2_10_IRQHandler
                0x0ffc25b4                DMA2_11_IRQHandler
                0x0ffc25bc                DMA2_12_IRQHandler
                0x0ffc25c4                DMA2_13_IRQHandler
                0x0ffc25cc                DMA2_14_IRQHandler
                0x0ffc25d4                DMA2_15_IRQHandler
                0x0ffc25dc                DMA2_16_IRQHandler
                0x0ffc25e4                DMA2_17_IRQHandler
                0x0ffc25ec                DMA2_18_IRQHandler
                0x0ffc25f4                DMA2_19_IRQHandler
                0x0ffc25fc                DMA2_20_IRQHandler
                0x0ffc2604                DMA2_21_IRQHandler
                0x0ffc260c                DMA2_22_IRQHandler
                0x0ffc2614                DMA2_23_IRQHandler
                0x0ffc261c                DMA2_24_IRQHandler
                0x0ffc2624                DMA2_25_IRQHandler
                0x0ffc262c                DMA2_26_IRQHandler
                0x0ffc2634                DMA2_27_IRQHandler
                0x0ffc263c                DMA2_28_IRQHandler
                0x0ffc2644                DMA2_29_IRQHandler
                0x0ffc264c                DMA2_30_IRQHandler
                0x0ffc2654                DMA2_31_IRQHandler
                0x0ffc265c                FlexCAN_IRQHandler
                0x0ffc2660                FLEXIO0_IRQHandler
                0x0ffc2664                LPI2C0_IRQHandler
                0x0ffc2668                LPI2C1_IRQHandler
                0x0ffc266c                LPI2C2_IRQHandler
                0x0ffc2670                LPI2C3_IRQHandler
                0x0ffc2674                LPSPI0_IRQHandler
                0x0ffc2678                LPSPI1_IRQHandler
                0x0ffc267c                LPSPI2_IRQHandler
                0x0ffc2680                LPSPI3_IRQHandler
                0x0ffc2684                LPUART0_IRQHandler
                0x0ffc2688                LPUART1_IRQHandler
                0x0ffc268c                LPUART2_IRQHandler
                0x0ffc2690                LPUART3_IRQHandler
                0x0ffc2694                PDM_EVENT_IRQHandler
                0x0ffc2698                PDM_HWVAD_EVENT_IRQHandler
                0x0ffc269c                SAI0_IRQHandler
                0x0ffc26a0                SAI1_IRQHandler
                0x0ffc26a4                SAI2_IRQHandler
                0x0ffc26a8                SAI3_IRQHandler
                0x0ffc26ac                SAI6_IRQHandler
                0x0ffc26b0                SAI7_IRQHandler
                0x0ffc26b4                SPDIF_IRQHandler
                0x0ffc26b8                FlexSPI0_IRQHandler
                0x0ffc26bc                FlexSPI1_IRQHandler
                0x0ffc26c0                FlexSPI2_IRQHandler
                0x0ffc26c4                uSDHC0_IRQHandler
                0x0ffc26c8                uSDHC1_IRQHandler
                0x0ffc26cc                uSDHC2_IRQHandler
                0x0ffc26d0                FLEXIO1_IRQHandler
                0x0ffc26d4                I3C0_IRQHandler
                0x0ffc26d8                I3C1_IRQHandler
                0x0ffc26dc                DMA1_0_IRQHandler
                0x0ffc26e4                DMA1_1_IRQHandler
                0x0ffc26ec                DMA1_2_IRQHandler
                0x0ffc26f4                DMA1_3_IRQHandler
                0x0ffc26fc                DMA1_4_IRQHandler
                0x0ffc2704                DMA1_5_IRQHandler
                0x0ffc270c                DMA1_6_IRQHandler
                0x0ffc2714                DMA1_7_IRQHandler
 .text          0x0ffc27bc       0xa0 CMakeFiles/flexspi_psram_polling_transfer.elf.dir/home/akhilalabs/Projects/FW/SDK_2_15_000_EVK9-MIMX8ULP/devices/MIMX8UD5/utilities/fsl_memcpy.S.obj
                0x0ffc27bc                memcpy
 .text          0x0ffc285c       0x30 /home/akhilalabs/.mcuxpressotools/arm-gnu-toolchain-13.2.Rel1-x86_64-arm-none-eabi/bin/../lib/gcc/arm-none-eabi/13.2.1/thumb/v8-m.main+fp/hard/libgcc.a(_aeabi_uldivmod.o)
                0x0ffc285c                __aeabi_uldivmod
 .text          0x0ffc288c        0x4 /home/akhilalabs/.mcuxpressotools/arm-gnu-toolchain-13.2.Rel1-x86_64-arm-none-eabi/bin/../lib/gcc/arm-none-eabi/13.2.1/thumb/v8-m.main+fp/hard/libgcc.a(_dvmd_tls.o)
                0x0ffc288c                __aeabi_ldiv0
                0x0ffc288c                __aeabi_idiv0
 .text          0x0ffc2890       0x10 /home/akhilalabs/.mcuxpressotools/arm-gnu-toolchain-13.2.Rel1-x86_64-arm-none-eabi/bin/../lib/gcc/arm-none-eabi/13.2.1/../../../../arm-none-eabi/lib/thumb/v8-m.main+fp/hard/libc_nano.a(libc_a-strlen.o)
                0x0ffc2890                strlen
 *(.text*)
 .text.deregister_tm_clones
                0x0ffc28a0       0x1c /home/akhilalabs/.mcuxpressotools/arm-gnu-toolchain-13.2.Rel1-x86_64-arm-none-eabi/bin/../lib/gcc/arm-none-eabi/13.2.1/thumb/v8-m.main+fp/hard/crtbegin.o
 .text.register_tm_clones
                0x0ffc28bc       0x28 /home/akhilalabs/.mcuxpressotools/arm-gnu-toolchain-13.2.Rel1-x86_64-arm-none-eabi/bin/../lib/gcc/arm-none-eabi/13.2.1/thumb/v8-m.main+fp/hard/crtbegin.o
 .text.__do_global_dtors_aux
                0x0ffc28e4       0x28 /home/akhilalabs/.mcuxpressotools/arm-gnu-toolchain-13.2.Rel1-x86_64-arm-none-eabi/bin/../lib/gcc/arm-none-eabi/13.2.1/thumb/v8-m.main+fp/hard/crtbegin.o
 .text.frame_dummy
                0x0ffc290c       0x24 /home/akhilalabs/.mcuxpressotools/arm-gnu-toolchain-13.2.Rel1-x86_64-arm-none-eabi/bin/../lib/gcc/arm-none-eabi/13.2.1/thumb/v8-m.main+fp/hard/crtbegin.o
 .text.ARM_MPU_Enable
                0x0ffc2930       0x44 CMakeFiles/flexspi_psram_polling_transfer.elf.dir/home/akhilalabs/Projects/FW/evk9mimx8ulp_flexspi_psram_polling_transfer2/board.c.obj
 .text.ARM_MPU_Disable
                0x0ffc2974       0x40 CMakeFiles/flexspi_psram_polling_transfer.elf.dir/home/akhilalabs/Projects/FW/evk9mimx8ulp_flexspi_psram_polling_transfer2/board.c.obj
 .text.ARM_MPU_SetMemAttrEx
                0x0ffc29b4       0x6a CMakeFiles/flexspi_psram_polling_transfer.elf.dir/home/akhilalabs/Projects/FW/evk9mimx8ulp_flexspi_psram_polling_transfer2/board.c.obj
 *fill*         0x0ffc2a1e        0x2 
 .text.ARM_MPU_SetMemAttr
                0x0ffc2a20       0x28 CMakeFiles/flexspi_psram_polling_transfer.elf.dir/home/akhilalabs/Projects/FW/evk9mimx8ulp_flexspi_psram_polling_transfer2/board.c.obj
 .text.ARM_MPU_SetRegionEx
                0x0ffc2a48       0x2c CMakeFiles/flexspi_psram_polling_transfer.elf.dir/home/akhilalabs/Projects/FW/evk9mimx8ulp_flexspi_psram_polling_transfer2/board.c.obj
 .text.ARM_MPU_SetRegion
                0x0ffc2a74       0x24 CMakeFiles/flexspi_psram_polling_transfer.elf.dir/home/akhilalabs/Projects/FW/evk9mimx8ulp_flexspi_psram_polling_transfer2/board.c.obj
 .text.FLEXSPI_SoftwareReset
                0x0ffc2a98       0x30 CMakeFiles/flexspi_psram_polling_transfer.elf.dir/home/akhilalabs/Projects/FW/evk9mimx8ulp_flexspi_psram_polling_transfer2/board.c.obj
 .text.TRDC_SetDacGlobalValid
                0x0ffc2ac8       0x20 CMakeFiles/flexspi_psram_polling_transfer.elf.dir/home/akhilalabs/Projects/FW/evk9mimx8ulp_flexspi_psram_polling_transfer2/board.c.obj
 .text.TRDC_SetMrcGlobalValid
                0x0ffc2ae8       0x20 CMakeFiles/flexspi_psram_polling_transfer.elf.dir/home/akhilalabs/Projects/FW/evk9mimx8ulp_flexspi_psram_polling_transfer2/board.c.obj
 .text.TRDC_GetMrcRegionNumber
                0x0ffc2b08       0x2c CMakeFiles/flexspi_psram_polling_transfer.elf.dir/home/akhilalabs/Projects/FW/evk9mimx8ulp_flexspi_psram_polling_transfer2/board.c.obj
 .text.TRDC_SetMbcGlobalValid
                0x0ffc2b34       0x20 CMakeFiles/flexspi_psram_polling_transfer.elf.dir/home/akhilalabs/Projects/FW/evk9mimx8ulp_flexspi_psram_polling_transfer2/board.c.obj
 .text.MU_GetFlags
                0x0ffc2b54       0x1a CMakeFiles/flexspi_psram_polling_transfer.elf.dir/home/akhilalabs/Projects/FW/evk9mimx8ulp_flexspi_psram_polling_transfer2/board.c.obj
 *fill*         0x0ffc2b6e        0x2 
 .text.BOARD_InitDebugConsole
                0x0ffc2b70       0x3c CMakeFiles/flexspi_psram_polling_transfer.elf.dir/home/akhilalabs/Projects/FW/evk9mimx8ulp_flexspi_psram_polling_transfer2/board.c.obj
                0x0ffc2b70                BOARD_InitDebugConsole
 .text.BOARD_IsFusionAvailable
                0x0ffc2bac       0x24 CMakeFiles/flexspi_psram_polling_transfer.elf.dir/home/akhilalabs/Projects/FW/evk9mimx8ulp_flexspi_psram_polling_transfer2/board.c.obj
                0x0ffc2bac                BOARD_IsFusionAvailable
 .text.BOARD_DumpRegs
                0x0ffc2bd0       0x16 CMakeFiles/flexspi_psram_polling_transfer.elf.dir/home/akhilalabs/Projects/FW/evk9mimx8ulp_flexspi_psram_polling_transfer2/board.c.obj
                0x0ffc2bd0                BOARD_DumpRegs
 *fill*         0x0ffc2be6        0x2 
 .text.BOARD_MapFsbFuseIndex
                0x0ffc2be8       0xd8 CMakeFiles/flexspi_psram_polling_transfer.elf.dir/home/akhilalabs/Projects/FW/evk9mimx8ulp_flexspi_psram_polling_transfer2/board.c.obj
 .text.BOARD_FuseRead
                0x0ffc2cc0       0x86 CMakeFiles/flexspi_psram_polling_transfer.elf.dir/home/akhilalabs/Projects/FW/evk9mimx8ulp_flexspi_psram_polling_transfer2/board.c.obj
                0x0ffc2cc0                BOARD_FuseRead
 *fill*         0x0ffc2d46        0x2 
 .text.BOARD_IsRdcEnabled
                0x0ffc2d48       0x60 CMakeFiles/flexspi_psram_polling_transfer.elf.dir/home/akhilalabs/Projects/FW/evk9mimx8ulp_flexspi_psram_polling_transfer2/board.c.obj
                0x0ffc2d48                BOARD_IsRdcEnabled
 .text.BOARD_ReleaseTRDC
                0x0ffc2da8       0x40 CMakeFiles/flexspi_psram_polling_transfer.elf.dir/home/akhilalabs/Projects/FW/evk9mimx8ulp_flexspi_psram_polling_transfer2/board.c.obj
                0x0ffc2da8                BOARD_ReleaseTRDC
 .text.BOARD_SetTrdcGlobalConfig
                0x0ffc2de8      0xfc4 CMakeFiles/flexspi_psram_polling_transfer.elf.dir/home/akhilalabs/Projects/FW/evk9mimx8ulp_flexspi_psram_polling_transfer2/board.c.obj
                0x0ffc2de8                BOARD_SetTrdcGlobalConfig
 .text.BOARD_IsLowPowerBootType
                0x0ffc3dac       0x24 CMakeFiles/flexspi_psram_polling_transfer.elf.dir/home/akhilalabs/Projects/FW/evk9mimx8ulp_flexspi_psram_polling_transfer2/board.c.obj
                0x0ffc3dac                BOARD_IsLowPowerBootType
 .text.BOARD_HandshakeWithUboot
                0x0ffc3dd0      0x10c CMakeFiles/flexspi_psram_polling_transfer.elf.dir/home/akhilalabs/Projects/FW/evk9mimx8ulp_flexspi_psram_polling_transfer2/board.c.obj
                0x0ffc3dd0                BOARD_HandshakeWithUboot
 .text.BOARD_ConfigMPU
                0x0ffc3edc      0x130 CMakeFiles/flexspi_psram_polling_transfer.elf.dir/home/akhilalabs/Projects/FW/evk9mimx8ulp_flexspi_psram_polling_transfer2/board.c.obj
                0x0ffc3edc                BOARD_ConfigMPU
 .text.psram_reset
                0x0ffc400c       0x84 CMakeFiles/flexspi_psram_polling_transfer.elf.dir/home/akhilalabs/Projects/FW/evk9mimx8ulp_flexspi_psram_polling_transfer2/board.c.obj
 .text.flexspi_psram_enter_quad_mode
                0x0ffc4090       0x54 CMakeFiles/flexspi_psram_polling_transfer.elf.dir/home/akhilalabs/Projects/FW/evk9mimx8ulp_flexspi_psram_polling_transfer2/board.c.obj
                0x0ffc4090                flexspi_psram_enter_quad_mode
 .text.BOARD_InitPsRam
                0x0ffc40e4      0x204 CMakeFiles/flexspi_psram_polling_transfer.elf.dir/home/akhilalabs/Projects/FW/evk9mimx8ulp_flexspi_psram_polling_transfer2/board.c.obj
                0x0ffc40e4                BOARD_InitPsRam
 .text.BOARD_FlexspiClockSafeConfig
                0x0ffc42e8       0x3c CMakeFiles/flexspi_psram_polling_transfer.elf.dir/home/akhilalabs/Projects/FW/evk9mimx8ulp_flexspi_psram_polling_transfer2/board.c.obj
                0x0ffc42e8                BOARD_FlexspiClockSafeConfig
 .text.CLOCK_SetCm33SysClkConfig
                0x0ffc4324       0xa0 CMakeFiles/flexspi_psram_polling_transfer.elf.dir/home/akhilalabs/Projects/FW/evk9mimx8ulp_flexspi_psram_polling_transfer2/clock_config.c.obj
 .text.CLOCK_IsSysOscValid
                0x0ffc43c4       0x28 CMakeFiles/flexspi_psram_polling_transfer.elf.dir/home/akhilalabs/Projects/FW/evk9mimx8ulp_flexspi_psram_polling_transfer2/clock_config.c.obj
 .text.CLOCK_IsRtcOscValid
                0x0ffc43ec       0x28 CMakeFiles/flexspi_psram_polling_transfer.elf.dir/home/akhilalabs/Projects/FW/evk9mimx8ulp_flexspi_psram_polling_transfer2/clock_config.c.obj
 .text.CLOCK_SetXtal0Freq
                0x0ffc4414       0x20 CMakeFiles/flexspi_psram_polling_transfer.elf.dir/home/akhilalabs/Projects/FW/evk9mimx8ulp_flexspi_psram_polling_transfer2/clock_config.c.obj
 .text.CLOCK_SetXtal32Freq
                0x0ffc4434       0x20 CMakeFiles/flexspi_psram_polling_transfer.elf.dir/home/akhilalabs/Projects/FW/evk9mimx8ulp_flexspi_psram_polling_transfer2/clock_config.c.obj
 .text.BOARD_InitClock
                0x0ffc4454       0x80 CMakeFiles/flexspi_psram_polling_transfer.elf.dir/home/akhilalabs/Projects/FW/evk9mimx8ulp_flexspi_psram_polling_transfer2/clock_config.c.obj
                0x0ffc4454                BOARD_InitClock
 .text.BOARD_CalculateDivider
                0x0ffc44d4       0x3e CMakeFiles/flexspi_psram_polling_transfer.elf.dir/home/akhilalabs/Projects/FW/evk9mimx8ulp_flexspi_psram_polling_transfer2/clock_config.c.obj
                0x0ffc44d4                BOARD_CalculateDivider
 *fill*         0x0ffc4512        0x2 
 .text.BOARD_InitPlls
                0x0ffc4514       0x4c CMakeFiles/flexspi_psram_polling_transfer.elf.dir/home/akhilalabs/Projects/FW/evk9mimx8ulp_flexspi_psram_polling_transfer2/clock_config.c.obj
                0x0ffc4514                BOARD_InitPlls
 .text.BOARD_BootClockRUN
                0x0ffc4560       0x5c CMakeFiles/flexspi_psram_polling_transfer.elf.dir/home/akhilalabs/Projects/FW/evk9mimx8ulp_flexspi_psram_polling_transfer2/clock_config.c.obj
                0x0ffc4560                BOARD_BootClockRUN
 .text.BOARD_GetRtdDriveMode
                0x0ffc45bc       0xb0 CMakeFiles/flexspi_psram_polling_transfer.elf.dir/home/akhilalabs/Projects/FW/evk9mimx8ulp_flexspi_psram_polling_transfer2/clock_config.c.obj
                0x0ffc45bc                BOARD_GetRtdDriveMode
 .text.BOARD_UpdateM33CoreFreq
                0x0ffc466c      0x6a8 CMakeFiles/flexspi_psram_polling_transfer.elf.dir/home/akhilalabs/Projects/FW/evk9mimx8ulp_flexspi_psram_polling_transfer2/clock_config.c.obj
                0x0ffc466c                BOARD_UpdateM33CoreFreq
 .text.FLEXSPI_SoftwareReset
                0x0ffc4d14       0x30 CMakeFiles/flexspi_psram_polling_transfer.elf.dir/home/akhilalabs/Projects/FW/evk9mimx8ulp_flexspi_psram_polling_transfer2/flexspi_psram_polling_transfer.c.obj
 .text.flexspi_psram_ipcommand_write_data
                0x0ffc4d44       0x42 CMakeFiles/flexspi_psram_polling_transfer.elf.dir/home/akhilalabs/Projects/FW/evk9mimx8ulp_flexspi_psram_polling_transfer2/flexspi_psram_polling_transfer.c.obj
                0x0ffc4d44                flexspi_psram_ipcommand_write_data
 .text.flexspi_psram_ipcommand_read_data
                0x0ffc4d86       0x42 CMakeFiles/flexspi_psram_polling_transfer.elf.dir/home/akhilalabs/Projects/FW/evk9mimx8ulp_flexspi_psram_polling_transfer2/flexspi_psram_polling_transfer.c.obj
                0x0ffc4d86                flexspi_psram_ipcommand_read_data
 .text.flexspi_hyper_ram_ahbcommand_write_data
                0x0ffc4dc8       0x28 CMakeFiles/flexspi_psram_polling_transfer.elf.dir/home/akhilalabs/Projects/FW/evk9mimx8ulp_flexspi_psram_polling_transfer2/flexspi_psram_polling_transfer.c.obj
                0x0ffc4dc8                flexspi_hyper_ram_ahbcommand_write_data
 .text.flexspi_hyper_ram_ahbcommand_read_data
                0x0ffc4df0       0x28 CMakeFiles/flexspi_psram_polling_transfer.elf.dir/home/akhilalabs/Projects/FW/evk9mimx8ulp_flexspi_psram_polling_transfer2/flexspi_psram_polling_transfer.c.obj
                0x0ffc4df0                flexspi_hyper_ram_ahbcommand_read_data
 .text.main     0x0ffc4e18      0x394 CMakeFiles/flexspi_psram_polling_transfer.elf.dir/home/akhilalabs/Projects/FW/evk9mimx8ulp_flexspi_psram_polling_transfer2/flexspi_psram_polling_transfer.c.obj
                0x0ffc4e18                main
 .text.IOMUXC_SetPinMux
                0x0ffc51ac       0x4e CMakeFiles/flexspi_psram_polling_transfer.elf.dir/home/akhilalabs/Projects/FW/evk9mimx8ulp_flexspi_psram_polling_transfer2/pin_mux.c.obj
 .text.IOMUXC_SetPinConfig
                0x0ffc51fa       0x44 CMakeFiles/flexspi_psram_polling_transfer.elf.dir/home/akhilalabs/Projects/FW/evk9mimx8ulp_flexspi_psram_polling_transfer2/pin_mux.c.obj
 .text.BOARD_InitBootPins
                0x0ffc523e        0xc CMakeFiles/flexspi_psram_polling_transfer.elf.dir/home/akhilalabs/Projects/FW/evk9mimx8ulp_flexspi_psram_polling_transfer2/pin_mux.c.obj
                0x0ffc523e                BOARD_InitBootPins
 *fill*         0x0ffc524a        0x2 
 .text.BOARD_InitPins
                0x0ffc524c       0x6c CMakeFiles/flexspi_psram_polling_transfer.elf.dir/home/akhilalabs/Projects/FW/evk9mimx8ulp_flexspi_psram_polling_transfer2/pin_mux.c.obj
                0x0ffc524c                BOARD_InitPins
 .text.BOARD_InitPsRamPins
                0x0ffc52b8      0x1f4 CMakeFiles/flexspi_psram_polling_transfer.elf.dir/home/akhilalabs/Projects/FW/evk9mimx8ulp_flexspi_psram_polling_transfer2/pin_mux.c.obj
                0x0ffc52b8                BOARD_InitPsRamPins
 .text.HAL_UartGetStatus
                0x0ffc54ac       0x28 CMakeFiles/flexspi_psram_polling_transfer.elf.dir/home/akhilalabs/Projects/FW/SDK_2_15_000_EVK9-MIMX8ULP/components/uart/fsl_adapter_lpuart.c.obj
 .text.HAL_UartInitCommon
                0x0ffc54d4       0xe0 CMakeFiles/flexspi_psram_polling_transfer.elf.dir/home/akhilalabs/Projects/FW/SDK_2_15_000_EVK9-MIMX8ULP/components/uart/fsl_adapter_lpuart.c.obj
 .text.HAL_UartInit
                0x0ffc55b4       0xac CMakeFiles/flexspi_psram_polling_transfer.elf.dir/home/akhilalabs/Projects/FW/SDK_2_15_000_EVK9-MIMX8ULP/components/uart/fsl_adapter_lpuart.c.obj
                0x0ffc55b4                HAL_UartInit
 .text.HAL_UartReceiveBlocking
                0x0ffc5660       0x8c CMakeFiles/flexspi_psram_polling_transfer.elf.dir/home/akhilalabs/Projects/FW/SDK_2_15_000_EVK9-MIMX8ULP/components/uart/fsl_adapter_lpuart.c.obj
                0x0ffc5660                HAL_UartReceiveBlocking
 .text.HAL_UartSendBlocking
                0x0ffc56ec       0x84 CMakeFiles/flexspi_psram_polling_transfer.elf.dir/home/akhilalabs/Projects/FW/SDK_2_15_000_EVK9-MIMX8ULP/components/uart/fsl_adapter_lpuart.c.obj
                0x0ffc56ec                HAL_UartSendBlocking
 .text.getPll0Freq
                0x0ffc5770       0x64 CMakeFiles/flexspi_psram_polling_transfer.elf.dir/home/akhilalabs/Projects/FW/SDK_2_15_000_EVK9-MIMX8ULP/devices/MIMX8UD5/system_MIMX8UD5_cm33.c.obj
 .text.getPll1Freq
                0x0ffc57d4       0xa8 CMakeFiles/flexspi_psram_polling_transfer.elf.dir/home/akhilalabs/Projects/FW/SDK_2_15_000_EVK9-MIMX8ULP/devices/MIMX8UD5/system_MIMX8UD5_cm33.c.obj
 .text.SystemInit
                0x0ffc587c       0x50 CMakeFiles/flexspi_psram_polling_transfer.elf.dir/home/akhilalabs/Projects/FW/SDK_2_15_000_EVK9-MIMX8ULP/devices/MIMX8UD5/system_MIMX8UD5_cm33.c.obj
                0x0ffc587c                SystemInit
 .text.SystemCoreClockUpdate
                0x0ffc58cc      0x19c CMakeFiles/flexspi_psram_polling_transfer.elf.dir/home/akhilalabs/Projects/FW/SDK_2_15_000_EVK9-MIMX8ULP/devices/MIMX8UD5/system_MIMX8UD5_cm33.c.obj
                0x0ffc58cc                SystemCoreClockUpdate
 .text.SystemInitHook
                0x0ffc5a68        0xe CMakeFiles/flexspi_psram_polling_transfer.elf.dir/home/akhilalabs/Projects/FW/SDK_2_15_000_EVK9-MIMX8ULP/devices/MIMX8UD5/system_MIMX8UD5_cm33.c.obj
                0x0ffc5a68                SystemInitHook
 .text.CACHE64_EnableCache
                0x0ffc5a76       0x2e CMakeFiles/flexspi_psram_polling_transfer.elf.dir/home/akhilalabs/Projects/FW/SDK_2_15_000_EVK9-MIMX8ULP/devices/MIMX8UD5/drivers/fsl_cache.c.obj
                0x0ffc5a76                CACHE64_EnableCache
 .text.CACHE64_InvalidateCache
                0x0ffc5aa4       0x36 CMakeFiles/flexspi_psram_polling_transfer.elf.dir/home/akhilalabs/Projects/FW/SDK_2_15_000_EVK9-MIMX8ULP/devices/MIMX8UD5/drivers/fsl_cache.c.obj
                0x0ffc5aa4                CACHE64_InvalidateCache
 *fill*         0x0ffc5ada        0x2 
 .text.CLOCK_GetPccInstance
                0x0ffc5adc       0xac CMakeFiles/flexspi_psram_polling_transfer.elf.dir/home/akhilalabs/Projects/FW/SDK_2_15_000_EVK9-MIMX8ULP/devices/MIMX8UD5/drivers/fsl_clock.c.obj
 .text.CLOCK_SetIpSrc
                0x0ffc5b88      0x684 CMakeFiles/flexspi_psram_polling_transfer.elf.dir/home/akhilalabs/Projects/FW/SDK_2_15_000_EVK9-MIMX8ULP/devices/MIMX8UD5/drivers/fsl_clock.c.obj
                0x0ffc5b88                CLOCK_SetIpSrc
 .text.CLOCK_SetIpSrcDiv
                0x0ffc620c      0x104 CMakeFiles/flexspi_psram_polling_transfer.elf.dir/home/akhilalabs/Projects/FW/SDK_2_15_000_EVK9-MIMX8ULP/devices/MIMX8UD5/drivers/fsl_clock.c.obj
                0x0ffc620c                CLOCK_SetIpSrcDiv
 .text.CLOCK_GetLvdsClkFreq
                0x0ffc6310       0x34 CMakeFiles/flexspi_psram_polling_transfer.elf.dir/home/akhilalabs/Projects/FW/SDK_2_15_000_EVK9-MIMX8ULP/devices/MIMX8UD5/drivers/fsl_clock.c.obj
                0x0ffc6310                CLOCK_GetLvdsClkFreq
 .text.CLOCK_GetCm33BusClkFreq
                0x0ffc6344       0x10 CMakeFiles/flexspi_psram_polling_transfer.elf.dir/home/akhilalabs/Projects/FW/SDK_2_15_000_EVK9-MIMX8ULP/devices/MIMX8UD5/drivers/fsl_clock.c.obj
                0x0ffc6344                CLOCK_GetCm33BusClkFreq
 .text.CLOCK_GetFusionDspBusClkFreq
                0x0ffc6354       0x10 CMakeFiles/flexspi_psram_polling_transfer.elf.dir/home/akhilalabs/Projects/FW/SDK_2_15_000_EVK9-MIMX8ULP/devices/MIMX8UD5/drivers/fsl_clock.c.obj
                0x0ffc6354                CLOCK_GetFusionDspBusClkFreq
 .text.CLOCK_GetPcc0BusFreq
                0x0ffc6364       0x88 CMakeFiles/flexspi_psram_polling_transfer.elf.dir/home/akhilalabs/Projects/FW/SDK_2_15_000_EVK9-MIMX8ULP/devices/MIMX8UD5/drivers/fsl_clock.c.obj
 .text.CLOCK_GetPcc1BusFreq
                0x0ffc63ec       0x2e CMakeFiles/flexspi_psram_polling_transfer.elf.dir/home/akhilalabs/Projects/FW/SDK_2_15_000_EVK9-MIMX8ULP/devices/MIMX8UD5/drivers/fsl_clock.c.obj
 *fill*         0x0ffc641a        0x2 
 .text.CLOCK_GetPcc2BusFreq
                0x0ffc641c       0x88 CMakeFiles/flexspi_psram_polling_transfer.elf.dir/home/akhilalabs/Projects/FW/SDK_2_15_000_EVK9-MIMX8ULP/devices/MIMX8UD5/drivers/fsl_clock.c.obj
 .text.CLOCK_GetRtdSysClkFreq
                0x0ffc64a4      0x110 CMakeFiles/flexspi_psram_polling_transfer.elf.dir/home/akhilalabs/Projects/FW/SDK_2_15_000_EVK9-MIMX8ULP/devices/MIMX8UD5/drivers/fsl_clock.c.obj
                0x0ffc64a4                CLOCK_GetRtdSysClkFreq
 .text.CLOCK_GetCm33SysClkFreq
                0x0ffc65b4       0x28 CMakeFiles/flexspi_psram_polling_transfer.elf.dir/home/akhilalabs/Projects/FW/SDK_2_15_000_EVK9-MIMX8ULP/devices/MIMX8UD5/drivers/fsl_clock.c.obj
                0x0ffc65b4                CLOCK_GetCm33SysClkFreq
 .text.CLOCK_GetFusionDspSysClkFreq
                0x0ffc65dc       0x28 CMakeFiles/flexspi_psram_polling_transfer.elf.dir/home/akhilalabs/Projects/FW/SDK_2_15_000_EVK9-MIMX8ULP/devices/MIMX8UD5/drivers/fsl_clock.c.obj
                0x0ffc65dc                CLOCK_GetFusionDspSysClkFreq
 .text.CLOCK_InitSysOsc
                0x0ffc6604       0x84 CMakeFiles/flexspi_psram_polling_transfer.elf.dir/home/akhilalabs/Projects/FW/SDK_2_15_000_EVK9-MIMX8ULP/devices/MIMX8UD5/drivers/fsl_clock.c.obj
                0x0ffc6604                CLOCK_InitSysOsc
 .text.CLOCK_DeinitSysOsc
                0x0ffc6688       0x50 CMakeFiles/flexspi_psram_polling_transfer.elf.dir/home/akhilalabs/Projects/FW/SDK_2_15_000_EVK9-MIMX8ULP/devices/MIMX8UD5/drivers/fsl_clock.c.obj
                0x0ffc6688                CLOCK_DeinitSysOsc
 .text.CLOCK_SetSysOscAsyncClkDiv
                0x0ffc66d8       0xb4 CMakeFiles/flexspi_psram_polling_transfer.elf.dir/home/akhilalabs/Projects/FW/SDK_2_15_000_EVK9-MIMX8ULP/devices/MIMX8UD5/drivers/fsl_clock.c.obj
 .text.CLOCK_SetRtdSysOscAsyncClkDiv
                0x0ffc678c       0x28 CMakeFiles/flexspi_psram_polling_transfer.elf.dir/home/akhilalabs/Projects/FW/SDK_2_15_000_EVK9-MIMX8ULP/devices/MIMX8UD5/drivers/fsl_clock.c.obj
                0x0ffc678c                CLOCK_SetRtdSysOscAsyncClkDiv
 .text.CLOCK_GetSysOscFreq
                0x0ffc67b4       0x54 CMakeFiles/flexspi_psram_polling_transfer.elf.dir/home/akhilalabs/Projects/FW/SDK_2_15_000_EVK9-MIMX8ULP/devices/MIMX8UD5/drivers/fsl_clock.c.obj
                0x0ffc67b4                CLOCK_GetSysOscFreq
 .text.CLOCK_GetSysOscAsyncFreq
                0x0ffc6808       0xd0 CMakeFiles/flexspi_psram_polling_transfer.elf.dir/home/akhilalabs/Projects/FW/SDK_2_15_000_EVK9-MIMX8ULP/devices/MIMX8UD5/drivers/fsl_clock.c.obj
 .text.CLOCK_GetRtdSysOscAsyncFreq
                0x0ffc68d8       0x28 CMakeFiles/flexspi_psram_polling_transfer.elf.dir/home/akhilalabs/Projects/FW/SDK_2_15_000_EVK9-MIMX8ULP/devices/MIMX8UD5/drivers/fsl_clock.c.obj
                0x0ffc68d8                CLOCK_GetRtdSysOscAsyncFreq
 .text.CLOCK_InitFro
                0x0ffc6900       0x60 CMakeFiles/flexspi_psram_polling_transfer.elf.dir/home/akhilalabs/Projects/FW/SDK_2_15_000_EVK9-MIMX8ULP/devices/MIMX8UD5/drivers/fsl_clock.c.obj
                0x0ffc6900                CLOCK_InitFro
 .text.CLOCK_DeinitFro
                0x0ffc6960       0x50 CMakeFiles/flexspi_psram_polling_transfer.elf.dir/home/akhilalabs/Projects/FW/SDK_2_15_000_EVK9-MIMX8ULP/devices/MIMX8UD5/drivers/fsl_clock.c.obj
                0x0ffc6960                CLOCK_DeinitFro
 .text.CLOCK_SetFroAsyncClkDiv
                0x0ffc69b0       0xb4 CMakeFiles/flexspi_psram_polling_transfer.elf.dir/home/akhilalabs/Projects/FW/SDK_2_15_000_EVK9-MIMX8ULP/devices/MIMX8UD5/drivers/fsl_clock.c.obj
 .text.CLOCK_SetRtdFroAsyncClkDiv
                0x0ffc6a64       0x28 CMakeFiles/flexspi_psram_polling_transfer.elf.dir/home/akhilalabs/Projects/FW/SDK_2_15_000_EVK9-MIMX8ULP/devices/MIMX8UD5/drivers/fsl_clock.c.obj
                0x0ffc6a64                CLOCK_SetRtdFroAsyncClkDiv
 .text.CLOCK_GetFroFreq
                0x0ffc6a8c       0x34 CMakeFiles/flexspi_psram_polling_transfer.elf.dir/home/akhilalabs/Projects/FW/SDK_2_15_000_EVK9-MIMX8ULP/devices/MIMX8UD5/drivers/fsl_clock.c.obj
                0x0ffc6a8c                CLOCK_GetFroFreq
 .text.CLOCK_GetFroAsyncFreq
                0x0ffc6ac0       0xba CMakeFiles/flexspi_psram_polling_transfer.elf.dir/home/akhilalabs/Projects/FW/SDK_2_15_000_EVK9-MIMX8ULP/devices/MIMX8UD5/drivers/fsl_clock.c.obj
 *fill*         0x0ffc6b7a        0x2 
 .text.CLOCK_GetRtdFroAsyncFreq
                0x0ffc6b7c       0x28 CMakeFiles/flexspi_psram_polling_transfer.elf.dir/home/akhilalabs/Projects/FW/SDK_2_15_000_EVK9-MIMX8ULP/devices/MIMX8UD5/drivers/fsl_clock.c.obj
                0x0ffc6b7c                CLOCK_GetRtdFroAsyncFreq
 .text.CLOCK_GetLpOscFreq
                0x0ffc6ba4       0x34 CMakeFiles/flexspi_psram_polling_transfer.elf.dir/home/akhilalabs/Projects/FW/SDK_2_15_000_EVK9-MIMX8ULP/devices/MIMX8UD5/drivers/fsl_clock.c.obj
                0x0ffc6ba4                CLOCK_GetLpOscFreq
 .text.CLOCK_GetRtcOscFreq
                0x0ffc6bd8       0x54 CMakeFiles/flexspi_psram_polling_transfer.elf.dir/home/akhilalabs/Projects/FW/SDK_2_15_000_EVK9-MIMX8ULP/devices/MIMX8UD5/drivers/fsl_clock.c.obj
                0x0ffc6bd8                CLOCK_GetRtcOscFreq
 .text.CLOCK_InitPll0
                0x0ffc6c2c       0xd4 CMakeFiles/flexspi_psram_polling_transfer.elf.dir/home/akhilalabs/Projects/FW/SDK_2_15_000_EVK9-MIMX8ULP/devices/MIMX8UD5/drivers/fsl_clock.c.obj
                0x0ffc6c2c                CLOCK_InitPll0
 .text.CLOCK_DeinitPll0
                0x0ffc6d00       0x50 CMakeFiles/flexspi_psram_polling_transfer.elf.dir/home/akhilalabs/Projects/FW/SDK_2_15_000_EVK9-MIMX8ULP/devices/MIMX8UD5/drivers/fsl_clock.c.obj
                0x0ffc6d00                CLOCK_DeinitPll0
 .text.CLOCK_GetPll0CommonFreq
                0x0ffc6d50       0x5c CMakeFiles/flexspi_psram_polling_transfer.elf.dir/home/akhilalabs/Projects/FW/SDK_2_15_000_EVK9-MIMX8ULP/devices/MIMX8UD5/drivers/fsl_clock.c.obj
 .text.CLOCK_GetPll0Freq
                0x0ffc6dac       0x30 CMakeFiles/flexspi_psram_polling_transfer.elf.dir/home/akhilalabs/Projects/FW/SDK_2_15_000_EVK9-MIMX8ULP/devices/MIMX8UD5/drivers/fsl_clock.c.obj
                0x0ffc6dac                CLOCK_GetPll0Freq
 .text.CLOCK_GetPll0AsyncFreq
                0x0ffc6ddc       0xf0 CMakeFiles/flexspi_psram_polling_transfer.elf.dir/home/akhilalabs/Projects/FW/SDK_2_15_000_EVK9-MIMX8ULP/devices/MIMX8UD5/drivers/fsl_clock.c.obj
                0x0ffc6ddc                CLOCK_GetPll0AsyncFreq
 .text.CLOCK_GetPll0PfdFreq
                0x0ffc6ecc       0xc0 CMakeFiles/flexspi_psram_polling_transfer.elf.dir/home/akhilalabs/Projects/FW/SDK_2_15_000_EVK9-MIMX8ULP/devices/MIMX8UD5/drivers/fsl_clock.c.obj
                0x0ffc6ecc                CLOCK_GetPll0PfdFreq
 .text.CLOCK_EnablePll0PfdClkout
                0x0ffc6f8c       0xbc CMakeFiles/flexspi_psram_polling_transfer.elf.dir/home/akhilalabs/Projects/FW/SDK_2_15_000_EVK9-MIMX8ULP/devices/MIMX8UD5/drivers/fsl_clock.c.obj
                0x0ffc6f8c                CLOCK_EnablePll0PfdClkout
 .text.CLOCK_InitPll1
                0x0ffc7048       0xf0 CMakeFiles/flexspi_psram_polling_transfer.elf.dir/home/akhilalabs/Projects/FW/SDK_2_15_000_EVK9-MIMX8ULP/devices/MIMX8UD5/drivers/fsl_clock.c.obj
                0x0ffc7048                CLOCK_InitPll1
 .text.CLOCK_DeinitPll1
                0x0ffc7138       0x50 CMakeFiles/flexspi_psram_polling_transfer.elf.dir/home/akhilalabs/Projects/FW/SDK_2_15_000_EVK9-MIMX8ULP/devices/MIMX8UD5/drivers/fsl_clock.c.obj
                0x0ffc7138                CLOCK_DeinitPll1
 .text.CLOCK_GetPll1CommonFreq
                0x0ffc7188       0xc0 CMakeFiles/flexspi_psram_polling_transfer.elf.dir/home/akhilalabs/Projects/FW/SDK_2_15_000_EVK9-MIMX8ULP/devices/MIMX8UD5/drivers/fsl_clock.c.obj
 .text.CLOCK_GetPll1Freq
                0x0ffc7248       0x30 CMakeFiles/flexspi_psram_polling_transfer.elf.dir/home/akhilalabs/Projects/FW/SDK_2_15_000_EVK9-MIMX8ULP/devices/MIMX8UD5/drivers/fsl_clock.c.obj
                0x0ffc7248                CLOCK_GetPll1Freq
 .text.CLOCK_GetPll1AsyncFreq
                0x0ffc7278       0xf0 CMakeFiles/flexspi_psram_polling_transfer.elf.dir/home/akhilalabs/Projects/FW/SDK_2_15_000_EVK9-MIMX8ULP/devices/MIMX8UD5/drivers/fsl_clock.c.obj
                0x0ffc7278                CLOCK_GetPll1AsyncFreq
 .text.CLOCK_GetPll1PfdFreq
                0x0ffc7368       0xc0 CMakeFiles/flexspi_psram_polling_transfer.elf.dir/home/akhilalabs/Projects/FW/SDK_2_15_000_EVK9-MIMX8ULP/devices/MIMX8UD5/drivers/fsl_clock.c.obj
                0x0ffc7368                CLOCK_GetPll1PfdFreq
 .text.CLOCK_EnablePll1PfdClkout
                0x0ffc7428       0xbc CMakeFiles/flexspi_psram_polling_transfer.elf.dir/home/akhilalabs/Projects/FW/SDK_2_15_000_EVK9-MIMX8ULP/devices/MIMX8UD5/drivers/fsl_clock.c.obj
                0x0ffc7428                CLOCK_EnablePll1PfdClkout
 .text.CLOCK_GetLpuartClkFreq
                0x0ffc74e4       0xd8 CMakeFiles/flexspi_psram_polling_transfer.elf.dir/home/akhilalabs/Projects/FW/SDK_2_15_000_EVK9-MIMX8ULP/devices/MIMX8UD5/drivers/fsl_clock.c.obj
                0x0ffc74e4                CLOCK_GetLpuartClkFreq
 .text.DelayLoop
                0x0ffc75bc       0x20 CMakeFiles/flexspi_psram_polling_transfer.elf.dir/home/akhilalabs/Projects/FW/SDK_2_15_000_EVK9-MIMX8ULP/devices/MIMX8UD5/drivers/fsl_common_arm.c.obj
 .text.SDK_DelayAtLeastUs
                0x0ffc75dc       0x98 CMakeFiles/flexspi_psram_polling_transfer.elf.dir/home/akhilalabs/Projects/FW/SDK_2_15_000_EVK9-MIMX8ULP/devices/MIMX8UD5/drivers/fsl_common_arm.c.obj
                0x0ffc75dc                SDK_DelayAtLeastUs
 .text.CLOCK_EnableClock
                0x0ffc7674       0x68 CMakeFiles/flexspi_psram_polling_transfer.elf.dir/home/akhilalabs/Projects/FW/SDK_2_15_000_EVK9-MIMX8ULP/devices/MIMX8UD5/drivers/fsl_flexspi.c.obj
 .text.FLEXSPI_SoftwareReset
                0x0ffc76dc       0x30 CMakeFiles/flexspi_psram_polling_transfer.elf.dir/home/akhilalabs/Projects/FW/SDK_2_15_000_EVK9-MIMX8ULP/devices/MIMX8UD5/drivers/fsl_flexspi.c.obj
 .text.FLEXSPI_ClearInterruptStatusFlags
                0x0ffc770c       0x1c CMakeFiles/flexspi_psram_polling_transfer.elf.dir/home/akhilalabs/Projects/FW/SDK_2_15_000_EVK9-MIMX8ULP/devices/MIMX8UD5/drivers/fsl_flexspi.c.obj
 .text.FLEXSPI_GetBusIdleStatus
                0x0ffc7728       0x3c CMakeFiles/flexspi_psram_polling_transfer.elf.dir/home/akhilalabs/Projects/FW/SDK_2_15_000_EVK9-MIMX8ULP/devices/MIMX8UD5/drivers/fsl_flexspi.c.obj
 .text.FLEXSPI_Memset
                0x0ffc7764       0x5c CMakeFiles/flexspi_psram_polling_transfer.elf.dir/home/akhilalabs/Projects/FW/SDK_2_15_000_EVK9-MIMX8ULP/devices/MIMX8UD5/drivers/fsl_flexspi.c.obj
 .text.FLEXSPI_GetInstance
                0x0ffc77c0       0x58 CMakeFiles/flexspi_psram_polling_transfer.elf.dir/home/akhilalabs/Projects/FW/SDK_2_15_000_EVK9-MIMX8ULP/devices/MIMX8UD5/drivers/fsl_flexspi.c.obj
                0x0ffc77c0                FLEXSPI_GetInstance
 .text.FLEXSPI_CalculateDll
                0x0ffc7818       0xcc CMakeFiles/flexspi_psram_polling_transfer.elf.dir/home/akhilalabs/Projects/FW/SDK_2_15_000_EVK9-MIMX8ULP/devices/MIMX8UD5/drivers/fsl_flexspi.c.obj
 .text.FLEXSPI_CheckAndClearError
                0x0ffc78e4       0x80 CMakeFiles/flexspi_psram_polling_transfer.elf.dir/home/akhilalabs/Projects/FW/SDK_2_15_000_EVK9-MIMX8ULP/devices/MIMX8UD5/drivers/fsl_flexspi.c.obj
                0x0ffc78e4                FLEXSPI_CheckAndClearError
 .text.FLEXSPI_Init
                0x0ffc7964      0x27c CMakeFiles/flexspi_psram_polling_transfer.elf.dir/home/akhilalabs/Projects/FW/SDK_2_15_000_EVK9-MIMX8ULP/devices/MIMX8UD5/drivers/fsl_flexspi.c.obj
                0x0ffc7964                FLEXSPI_Init
 .text.FLEXSPI_GetDefaultConfig
                0x0ffc7be0      0x13e CMakeFiles/flexspi_psram_polling_transfer.elf.dir/home/akhilalabs/Projects/FW/SDK_2_15_000_EVK9-MIMX8ULP/devices/MIMX8UD5/drivers/fsl_flexspi.c.obj
                0x0ffc7be0                FLEXSPI_GetDefaultConfig
 .text.FLEXSPI_UpdateDllValue
                0x0ffc7d1e       0x9c CMakeFiles/flexspi_psram_polling_transfer.elf.dir/home/akhilalabs/Projects/FW/SDK_2_15_000_EVK9-MIMX8ULP/devices/MIMX8UD5/drivers/fsl_flexspi.c.obj
                0x0ffc7d1e                FLEXSPI_UpdateDllValue
 *fill*         0x0ffc7dba        0x2 
 .text.FLEXSPI_SetFlashConfig
                0x0ffc7dbc      0x1d4 CMakeFiles/flexspi_psram_polling_transfer.elf.dir/home/akhilalabs/Projects/FW/SDK_2_15_000_EVK9-MIMX8ULP/devices/MIMX8UD5/drivers/fsl_flexspi.c.obj
                0x0ffc7dbc                FLEXSPI_SetFlashConfig
 .text.FLEXSPI_UpdateLUT
                0x0ffc7f90       0x9c CMakeFiles/flexspi_psram_polling_transfer.elf.dir/home/akhilalabs/Projects/FW/SDK_2_15_000_EVK9-MIMX8ULP/devices/MIMX8UD5/drivers/fsl_flexspi.c.obj
                0x0ffc7f90                FLEXSPI_UpdateLUT
 .text.FLEXSPI_WriteBlocking
                0x0ffc802c      0x11c CMakeFiles/flexspi_psram_polling_transfer.elf.dir/home/akhilalabs/Projects/FW/SDK_2_15_000_EVK9-MIMX8ULP/devices/MIMX8UD5/drivers/fsl_flexspi.c.obj
                0x0ffc802c                FLEXSPI_WriteBlocking
 .text.FLEXSPI_ReadBlocking
                0x0ffc8148      0x174 CMakeFiles/flexspi_psram_polling_transfer.elf.dir/home/akhilalabs/Projects/FW/SDK_2_15_000_EVK9-MIMX8ULP/devices/MIMX8UD5/drivers/fsl_flexspi.c.obj
                0x0ffc8148                FLEXSPI_ReadBlocking
 .text.FLEXSPI_TransferBlocking
                0x0ffc82bc      0x120 CMakeFiles/flexspi_psram_polling_transfer.elf.dir/home/akhilalabs/Projects/FW/SDK_2_15_000_EVK9-MIMX8ULP/devices/MIMX8UD5/drivers/fsl_flexspi.c.obj
                0x0ffc82bc                FLEXSPI_TransferBlocking
 .text.CLOCK_EnableClock
                0x0ffc83dc       0x68 CMakeFiles/flexspi_psram_polling_transfer.elf.dir/home/akhilalabs/Projects/FW/SDK_2_15_000_EVK9-MIMX8ULP/devices/MIMX8UD5/drivers/fsl_lpuart.c.obj
 .text.LPUART_SoftwareReset
                0x0ffc8444       0x2c CMakeFiles/flexspi_psram_polling_transfer.elf.dir/home/akhilalabs/Projects/FW/SDK_2_15_000_EVK9-MIMX8ULP/devices/MIMX8UD5/drivers/fsl_lpuart.c.obj
 .text.LPUART_GetInstance
                0x0ffc8470       0x58 CMakeFiles/flexspi_psram_polling_transfer.elf.dir/home/akhilalabs/Projects/FW/SDK_2_15_000_EVK9-MIMX8ULP/devices/MIMX8UD5/drivers/fsl_lpuart.c.obj
                0x0ffc8470                LPUART_GetInstance
 .text.LPUART_Init
                0x0ffc84c8      0x348 CMakeFiles/flexspi_psram_polling_transfer.elf.dir/home/akhilalabs/Projects/FW/SDK_2_15_000_EVK9-MIMX8ULP/devices/MIMX8UD5/drivers/fsl_lpuart.c.obj
                0x0ffc84c8                LPUART_Init
 .text.LPUART_GetDefaultConfig
                0x0ffc8810       0x98 CMakeFiles/flexspi_psram_polling_transfer.elf.dir/home/akhilalabs/Projects/FW/SDK_2_15_000_EVK9-MIMX8ULP/devices/MIMX8UD5/drivers/fsl_lpuart.c.obj
                0x0ffc8810                LPUART_GetDefaultConfig
 .text.LPUART_GetStatusFlags
                0x0ffc88a8       0x38 CMakeFiles/flexspi_psram_polling_transfer.elf.dir/home/akhilalabs/Projects/FW/SDK_2_15_000_EVK9-MIMX8ULP/devices/MIMX8UD5/drivers/fsl_lpuart.c.obj
                0x0ffc88a8                LPUART_GetStatusFlags
 .text.LPUART_ClearStatusFlags
                0x0ffc88e0       0x7c CMakeFiles/flexspi_psram_polling_transfer.elf.dir/home/akhilalabs/Projects/FW/SDK_2_15_000_EVK9-MIMX8ULP/devices/MIMX8UD5/drivers/fsl_lpuart.c.obj
                0x0ffc88e0                LPUART_ClearStatusFlags
 .text.LPUART_WriteBlocking
                0x0ffc895c       0x78 CMakeFiles/flexspi_psram_polling_transfer.elf.dir/home/akhilalabs/Projects/FW/SDK_2_15_000_EVK9-MIMX8ULP/devices/MIMX8UD5/drivers/fsl_lpuart.c.obj
                0x0ffc895c                LPUART_WriteBlocking
 .text.LPUART_ReadBlocking
                0x0ffc89d4      0x170 CMakeFiles/flexspi_psram_polling_transfer.elf.dir/home/akhilalabs/Projects/FW/SDK_2_15_000_EVK9-MIMX8ULP/devices/MIMX8UD5/drivers/fsl_lpuart.c.obj
                0x0ffc89d4                LPUART_ReadBlocking
 .text.LPUART0_DriverIRQHandler
                0x0ffc8b44       0x24 CMakeFiles/flexspi_psram_polling_transfer.elf.dir/home/akhilalabs/Projects/FW/SDK_2_15_000_EVK9-MIMX8ULP/devices/MIMX8UD5/drivers/fsl_lpuart.c.obj
                0x0ffc8b44                LPUART0_DriverIRQHandler
 .text.LPUART1_DriverIRQHandler
                0x0ffc8b68       0x24 CMakeFiles/flexspi_psram_polling_transfer.elf.dir/home/akhilalabs/Projects/FW/SDK_2_15_000_EVK9-MIMX8ULP/devices/MIMX8UD5/drivers/fsl_lpuart.c.obj
                0x0ffc8b68                LPUART1_DriverIRQHandler
 .text.LPUART2_DriverIRQHandler
                0x0ffc8b8c       0x24 CMakeFiles/flexspi_psram_polling_transfer.elf.dir/home/akhilalabs/Projects/FW/SDK_2_15_000_EVK9-MIMX8ULP/devices/MIMX8UD5/drivers/fsl_lpuart.c.obj
                0x0ffc8b8c                LPUART2_DriverIRQHandler
 .text.LPUART3_DriverIRQHandler
                0x0ffc8bb0       0x24 CMakeFiles/flexspi_psram_polling_transfer.elf.dir/home/akhilalabs/Projects/FW/SDK_2_15_000_EVK9-MIMX8ULP/devices/MIMX8UD5/drivers/fsl_lpuart.c.obj
                0x0ffc8bb0                LPUART3_DriverIRQHandler
 .text.CLOCK_EnableClock
                0x0ffc8bd4       0x68 CMakeFiles/flexspi_psram_polling_transfer.elf.dir/home/akhilalabs/Projects/FW/SDK_2_15_000_EVK9-MIMX8ULP/devices/MIMX8UD5/drivers/fsl_mu.c.obj
 .text.MU_SetFlagsNonBlocking
                0x0ffc8c3c       0x1e CMakeFiles/flexspi_psram_polling_transfer.elf.dir/home/akhilalabs/Projects/FW/SDK_2_15_000_EVK9-MIMX8ULP/devices/MIMX8UD5/drivers/fsl_mu.c.obj
 *fill*         0x0ffc8c5a        0x2 
 .text.MU_GetInstance
                0x0ffc8c5c       0x58 CMakeFiles/flexspi_psram_polling_transfer.elf.dir/home/akhilalabs/Projects/FW/SDK_2_15_000_EVK9-MIMX8ULP/devices/MIMX8UD5/drivers/fsl_mu.c.obj
 .text.MU_Init  0x0ffc8cb4       0x28 CMakeFiles/flexspi_psram_polling_transfer.elf.dir/home/akhilalabs/Projects/FW/SDK_2_15_000_EVK9-MIMX8ULP/devices/MIMX8UD5/drivers/fsl_mu.c.obj
                0x0ffc8cb4                MU_Init
 .text.MU_SetFlags
                0x0ffc8cdc       0x28 CMakeFiles/flexspi_psram_polling_transfer.elf.dir/home/akhilalabs/Projects/FW/SDK_2_15_000_EVK9-MIMX8ULP/devices/MIMX8UD5/drivers/fsl_mu.c.obj
                0x0ffc8cdc                MU_SetFlags
 .text.RESET_SetPeripheralReset
                0x0ffc8d04       0x2a CMakeFiles/flexspi_psram_polling_transfer.elf.dir/home/akhilalabs/Projects/FW/SDK_2_15_000_EVK9-MIMX8ULP/devices/MIMX8UD5/drivers/fsl_reset.c.obj
                0x0ffc8d04                RESET_SetPeripheralReset
 .text.RESET_ClearPeripheralReset
                0x0ffc8d2e       0x2a CMakeFiles/flexspi_psram_polling_transfer.elf.dir/home/akhilalabs/Projects/FW/SDK_2_15_000_EVK9-MIMX8ULP/devices/MIMX8UD5/drivers/fsl_reset.c.obj
                0x0ffc8d2e                RESET_ClearPeripheralReset
 .text.RESET_PeripheralReset
                0x0ffc8d58       0x1c CMakeFiles/flexspi_psram_polling_transfer.elf.dir/home/akhilalabs/Projects/FW/SDK_2_15_000_EVK9-MIMX8ULP/devices/MIMX8UD5/drivers/fsl_reset.c.obj
                0x0ffc8d58                RESET_PeripheralReset
 .text.SENTINEL_SendMessage
                0x0ffc8d74       0x68 CMakeFiles/flexspi_psram_polling_transfer.elf.dir/home/akhilalabs/Projects/FW/SDK_2_15_000_EVK9-MIMX8ULP/devices/MIMX8UD5/drivers/fsl_sentinel.c.obj
                0x0ffc8d74                SENTINEL_SendMessage
 .text.SENTINEL_ReceiveMessage
                0x0ffc8ddc       0xf4 CMakeFiles/flexspi_psram_polling_transfer.elf.dir/home/akhilalabs/Projects/FW/SDK_2_15_000_EVK9-MIMX8ULP/devices/MIMX8UD5/drivers/fsl_sentinel.c.obj
                0x0ffc8ddc                SENTINEL_ReceiveMessage
 .text.SENTINEL_Command
                0x0ffc8ed0       0xb8 CMakeFiles/flexspi_psram_polling_transfer.elf.dir/home/akhilalabs/Projects/FW/SDK_2_15_000_EVK9-MIMX8ULP/devices/MIMX8UD5/drivers/fsl_sentinel.c.obj
                0x0ffc8ed0                SENTINEL_Command
 .text.SENTINEL_ReleaseRDC
                0x0ffc8f88       0xa4 CMakeFiles/flexspi_psram_polling_transfer.elf.dir/home/akhilalabs/Projects/FW/SDK_2_15_000_EVK9-MIMX8ULP/devices/MIMX8UD5/drivers/fsl_sentinel.c.obj
                0x0ffc8f88                SENTINEL_ReleaseRDC
 .text.TRDC_GetHardwareConfig
                0x0ffc902c       0x78 CMakeFiles/flexspi_psram_polling_transfer.elf.dir/home/akhilalabs/Projects/FW/SDK_2_15_000_EVK9-MIMX8ULP/devices/MIMX8UD5/drivers/fsl_trdc.c.obj
                0x0ffc902c                TRDC_GetHardwareConfig
 .text.TRDC_GetMbcHardwareConfig
                0x0ffc90a4       0xb0 CMakeFiles/flexspi_psram_polling_transfer.elf.dir/home/akhilalabs/Projects/FW/SDK_2_15_000_EVK9-MIMX8ULP/devices/MIMX8UD5/drivers/fsl_trdc.c.obj
                0x0ffc90a4                TRDC_GetMbcHardwareConfig
 .text.TRDC_GetDefaultNonProcessorDomainAssignment
                0x0ffc9154       0x38 CMakeFiles/flexspi_psram_polling_transfer.elf.dir/home/akhilalabs/Projects/FW/SDK_2_15_000_EVK9-MIMX8ULP/devices/MIMX8UD5/drivers/fsl_trdc.c.obj
                0x0ffc9154                TRDC_GetDefaultNonProcessorDomainAssignment
 .text.TRDC_SetNonProcessorDomainAssignment
                0x0ffc918c       0xbc CMakeFiles/flexspi_psram_polling_transfer.elf.dir/home/akhilalabs/Projects/FW/SDK_2_15_000_EVK9-MIMX8ULP/devices/MIMX8UD5/drivers/fsl_trdc.c.obj
                0x0ffc918c                TRDC_SetNonProcessorDomainAssignment
 .text.TRDC_Init
                0x0ffc9248       0x14 CMakeFiles/flexspi_psram_polling_transfer.elf.dir/home/akhilalabs/Projects/FW/SDK_2_15_000_EVK9-MIMX8ULP/devices/MIMX8UD5/drivers/fsl_trdc.c.obj
                0x0ffc9248                TRDC_Init
 .text.TRDC_MrcSetMemoryAccessConfig
                0x0ffc925c       0x74 CMakeFiles/flexspi_psram_polling_transfer.elf.dir/home/akhilalabs/Projects/FW/SDK_2_15_000_EVK9-MIMX8ULP/devices/MIMX8UD5/drivers/fsl_trdc.c.obj
                0x0ffc925c                TRDC_MrcSetMemoryAccessConfig
 .text.TRDC_MrcSetRegionDescriptorConfig
                0x0ffc92d0       0xa0 CMakeFiles/flexspi_psram_polling_transfer.elf.dir/home/akhilalabs/Projects/FW/SDK_2_15_000_EVK9-MIMX8ULP/devices/MIMX8UD5/drivers/fsl_trdc.c.obj
                0x0ffc92d0                TRDC_MrcSetRegionDescriptorConfig
 .text.TRDC_MbcSetMemoryAccessConfig
                0x0ffc9370       0x70 CMakeFiles/flexspi_psram_polling_transfer.elf.dir/home/akhilalabs/Projects/FW/SDK_2_15_000_EVK9-MIMX8ULP/devices/MIMX8UD5/drivers/fsl_trdc.c.obj
                0x0ffc9370                TRDC_MbcSetMemoryAccessConfig
 .text.TRDC_MbcSetMemoryBlockConfig
                0x0ffc93e0       0xd0 CMakeFiles/flexspi_psram_polling_transfer.elf.dir/home/akhilalabs/Projects/FW/SDK_2_15_000_EVK9-MIMX8ULP/devices/MIMX8UD5/drivers/fsl_trdc.c.obj
                0x0ffc93e0                TRDC_MbcSetMemoryBlockConfig
 .text.__NVIC_EnableIRQ
                0x0ffc94b0       0x3c CMakeFiles/flexspi_psram_polling_transfer.elf.dir/home/akhilalabs/Projects/FW/SDK_2_15_000_EVK9-MIMX8ULP/devices/MIMX8UD5/drivers/fsl_upower.c.obj
 .text.__NVIC_DisableIRQ
                0x0ffc94ec       0x48 CMakeFiles/flexspi_psram_polling_transfer.elf.dir/home/akhilalabs/Projects/FW/SDK_2_15_000_EVK9-MIMX8ULP/devices/MIMX8UD5/drivers/fsl_upower.c.obj
 .text.CLOCK_EnableClock
                0x0ffc9534       0x68 CMakeFiles/flexspi_psram_polling_transfer.elf.dir/home/akhilalabs/Projects/FW/SDK_2_15_000_EVK9-MIMX8ULP/devices/MIMX8UD5/drivers/fsl_upower.c.obj
 .text.uPower_IRQHandler
                0x0ffc959c       0x5c CMakeFiles/flexspi_psram_polling_transfer.elf.dir/home/akhilalabs/Projects/FW/SDK_2_15_000_EVK9-MIMX8ULP/devices/MIMX8UD5/drivers/fsl_upower.c.obj
                0x0ffc959c                uPower_IRQHandler
 .text.UPOWER_DummyInstallISR
                0x0ffc95f8       0x2c CMakeFiles/flexspi_psram_polling_transfer.elf.dir/home/akhilalabs/Projects/FW/SDK_2_15_000_EVK9-MIMX8ULP/devices/MIMX8UD5/drivers/fsl_upower.c.obj
 .text.UPOWER_LockMuInt
                0x0ffc9624       0x24 CMakeFiles/flexspi_psram_polling_transfer.elf.dir/home/akhilalabs/Projects/FW/SDK_2_15_000_EVK9-MIMX8ULP/devices/MIMX8UD5/drivers/fsl_upower.c.obj
 .text.UPOWER_Ready
                0x0ffc9648       0x24 CMakeFiles/flexspi_psram_polling_transfer.elf.dir/home/akhilalabs/Projects/FW/SDK_2_15_000_EVK9-MIMX8ULP/devices/MIMX8UD5/drivers/fsl_upower.c.obj
 .text.UPOWER_Callback
                0x0ffc966c       0x24 CMakeFiles/flexspi_psram_polling_transfer.elf.dir/home/akhilalabs/Projects/FW/SDK_2_15_000_EVK9-MIMX8ULP/devices/MIMX8UD5/drivers/fsl_upower.c.obj
 .text.UPOWER_CheckReqWithArgs
                0x0ffc9690       0x64 CMakeFiles/flexspi_psram_polling_transfer.elf.dir/home/akhilalabs/Projects/FW/SDK_2_15_000_EVK9-MIMX8ULP/devices/MIMX8UD5/drivers/fsl_upower.c.obj
                0x0ffc9690                UPOWER_CheckReqWithArgs
 .text.UPOWER_Init
                0x0ffc96f4      0x128 CMakeFiles/flexspi_psram_polling_transfer.elf.dir/home/akhilalabs/Projects/FW/SDK_2_15_000_EVK9-MIMX8ULP/devices/MIMX8UD5/drivers/fsl_upower.c.obj
                0x0ffc96f4                UPOWER_Init
 .text.UPOWER_PowerOnMemPart
                0x0ffc981c       0x7c CMakeFiles/flexspi_psram_polling_transfer.elf.dir/home/akhilalabs/Projects/FW/SDK_2_15_000_EVK9-MIMX8ULP/devices/MIMX8UD5/drivers/fsl_upower.c.obj
                0x0ffc981c                UPOWER_PowerOnMemPart
 .text.UPOWER_ChngPmicVoltage
                0x0ffc9898       0x78 CMakeFiles/flexspi_psram_polling_transfer.elf.dir/home/akhilalabs/Projects/FW/SDK_2_15_000_EVK9-MIMX8ULP/devices/MIMX8UD5/drivers/fsl_upower.c.obj
                0x0ffc9898                UPOWER_ChngPmicVoltage
 .text.UPOWER_ReadPmicReg
                0x0ffc9910       0x84 CMakeFiles/flexspi_psram_polling_transfer.elf.dir/home/akhilalabs/Projects/FW/SDK_2_15_000_EVK9-MIMX8ULP/devices/MIMX8UD5/drivers/fsl_upower.c.obj
                0x0ffc9910                UPOWER_ReadPmicReg
 .text.UPOWER_GetPmicVoltage
                0x0ffc9994       0x6c CMakeFiles/flexspi_psram_polling_transfer.elf.dir/home/akhilalabs/Projects/FW/SDK_2_15_000_EVK9-MIMX8ULP/devices/MIMX8UD5/drivers/fsl_upower.c.obj
                0x0ffc9994                UPOWER_GetPmicVoltage
 .text.UPOWER_ChngRTDDomBias
                0x0ffc9a00       0xf0 CMakeFiles/flexspi_psram_polling_transfer.elf.dir/home/akhilalabs/Projects/FW/SDK_2_15_000_EVK9-MIMX8ULP/devices/MIMX8UD5/drivers/fsl_upower.c.obj
                0x0ffc9a00                UPOWER_ChngRTDDomBias
 .text.ptr2phys
                0x0ffc9af0       0x16 CMakeFiles/flexspi_psram_polling_transfer.elf.dir/home/akhilalabs/Projects/FW/SDK_2_15_000_EVK9-MIMX8ULP/devices/MIMX8UD5/drivers/upower/upower_api.c.obj
 *fill*         0x0ffc9b06        0x2 
 .text.upwr_ptr2offset
                0x0ffc9b08       0x70 CMakeFiles/flexspi_psram_polling_transfer.elf.dir/home/akhilalabs/Projects/FW/SDK_2_15_000_EVK9-MIMX8ULP/devices/MIMX8UD5/drivers/upower/upower_api.c.obj
 .text.upwr_lock
                0x0ffc9b78       0x24 CMakeFiles/flexspi_psram_polling_transfer.elf.dir/home/akhilalabs/Projects/FW/SDK_2_15_000_EVK9-MIMX8ULP/devices/MIMX8UD5/drivers/upower/upower_api.c.obj
 .text.upwr_exp_isr
                0x0ffc9b9c        0xe CMakeFiles/flexspi_psram_polling_transfer.elf.dir/home/akhilalabs/Projects/FW/SDK_2_15_000_EVK9-MIMX8ULP/devices/MIMX8UD5/drivers/upower/upower_api.c.obj
 *fill*         0x0ffc9baa        0x2 
 .text.upwr_txrx_isr
                0x0ffc9bac       0x80 CMakeFiles/flexspi_psram_polling_transfer.elf.dir/home/akhilalabs/Projects/FW/SDK_2_15_000_EVK9-MIMX8ULP/devices/MIMX8UD5/drivers/upower/upower_api.c.obj
                0x0ffc9bac                upwr_txrx_isr
 .text.upwr_next_req
                0x0ffc9c2c       0x90 CMakeFiles/flexspi_psram_polling_transfer.elf.dir/home/akhilalabs/Projects/FW/SDK_2_15_000_EVK9-MIMX8ULP/devices/MIMX8UD5/drivers/upower/upower_api.c.obj
 .text.upwr_mu_int_callback
                0x0ffc9cbc       0xe4 CMakeFiles/flexspi_psram_polling_transfer.elf.dir/home/akhilalabs/Projects/FW/SDK_2_15_000_EVK9-MIMX8ULP/devices/MIMX8UD5/drivers/upower/upower_api.c.obj
 .text.upwr_srv_req
                0x0ffc9da0       0x98 CMakeFiles/flexspi_psram_polling_transfer.elf.dir/home/akhilalabs/Projects/FW/SDK_2_15_000_EVK9-MIMX8ULP/devices/MIMX8UD5/drivers/upower/upower_api.c.obj
 .text.upwr_start_callb
                0x0ffc9e38      0x188 CMakeFiles/flexspi_psram_polling_transfer.elf.dir/home/akhilalabs/Projects/FW/SDK_2_15_000_EVK9-MIMX8ULP/devices/MIMX8UD5/drivers/upower/upower_api.c.obj
                0x0ffc9e38                upwr_start_callb
 .text.upwr_init
                0x0ffc9fc0      0x34c CMakeFiles/flexspi_psram_polling_transfer.elf.dir/home/akhilalabs/Projects/FW/SDK_2_15_000_EVK9-MIMX8ULP/devices/MIMX8UD5/drivers/upower/upower_api.c.obj
                0x0ffc9fc0                upwr_init
 .text.upwr_start
                0x0ffca30c       0x98 CMakeFiles/flexspi_psram_polling_transfer.elf.dir/home/akhilalabs/Projects/FW/SDK_2_15_000_EVK9-MIMX8ULP/devices/MIMX8UD5/drivers/upower/upower_api.c.obj
                0x0ffca30c                upwr_start
 .text.upwr_xcp_i2c_access
                0x0ffca3a4       0xd0 CMakeFiles/flexspi_psram_polling_transfer.elf.dir/home/akhilalabs/Projects/FW/SDK_2_15_000_EVK9-MIMX8ULP/devices/MIMX8UD5/drivers/upower/upower_api.c.obj
                0x0ffca3a4                upwr_xcp_i2c_access
 .text.upwr_vtm_chng_pmic_voltage
                0x0ffca474       0xb8 CMakeFiles/flexspi_psram_polling_transfer.elf.dir/home/akhilalabs/Projects/FW/SDK_2_15_000_EVK9-MIMX8ULP/devices/MIMX8UD5/drivers/upower/upower_api.c.obj
                0x0ffca474                upwr_vtm_chng_pmic_voltage
 .text.upwr_vtm_get_pmic_voltage
                0x0ffca52c       0x90 CMakeFiles/flexspi_psram_polling_transfer.elf.dir/home/akhilalabs/Projects/FW/SDK_2_15_000_EVK9-MIMX8ULP/devices/MIMX8UD5/drivers/upower/upower_api.c.obj
                0x0ffca52c                upwr_vtm_get_pmic_voltage
 .text.upwr_pwm_power_on
                0x0ffca5bc      0x150 CMakeFiles/flexspi_psram_polling_transfer.elf.dir/home/akhilalabs/Projects/FW/SDK_2_15_000_EVK9-MIMX8ULP/devices/MIMX8UD5/drivers/upower/upower_api.c.obj
                0x0ffca5bc                upwr_pwm_power_on
 .text.upwr_pwm_chng_dom_bias
                0x0ffca70c      0x1c0 CMakeFiles/flexspi_psram_polling_transfer.elf.dir/home/akhilalabs/Projects/FW/SDK_2_15_000_EVK9-MIMX8ULP/devices/MIMX8UD5/drivers/upower/upower_api.c.obj
                0x0ffca70c                upwr_pwm_chng_dom_bias
 .text.upwr_rom_version
                0x0ffca8cc       0x44 CMakeFiles/flexspi_psram_polling_transfer.elf.dir/home/akhilalabs/Projects/FW/SDK_2_15_000_EVK9-MIMX8ULP/devices/MIMX8UD5/drivers/upower/upower_api.c.obj
                0x0ffca8cc                upwr_rom_version
 .text.upwr_ram_version
                0x0ffca910       0x3c CMakeFiles/flexspi_psram_polling_transfer.elf.dir/home/akhilalabs/Projects/FW/SDK_2_15_000_EVK9-MIMX8ULP/devices/MIMX8UD5/drivers/upower/upower_api.c.obj
                0x0ffca910                upwr_ram_version
 .text.upwr_req_status
                0x0ffca94c       0xc8 CMakeFiles/flexspi_psram_polling_transfer.elf.dir/home/akhilalabs/Projects/FW/SDK_2_15_000_EVK9-MIMX8ULP/devices/MIMX8UD5/drivers/upower/upower_api.c.obj
                0x0ffca94c                upwr_req_status
 .text.upwr_poll_req_status
                0x0ffcaa14       0x68 CMakeFiles/flexspi_psram_polling_transfer.elf.dir/home/akhilalabs/Projects/FW/SDK_2_15_000_EVK9-MIMX8ULP/devices/MIMX8UD5/drivers/upower/upower_api.c.obj
                0x0ffcaa14                upwr_poll_req_status
 .text.upwr_copy2tr
                0x0ffcaa7c       0x58 CMakeFiles/flexspi_psram_polling_transfer.elf.dir/home/akhilalabs/Projects/FW/SDK_2_15_000_EVK9-MIMX8ULP/devices/MIMX8UD5/drivers/upower/upower_api.c.obj
                0x0ffcaa7c                upwr_copy2tr
 .text.upwr_tx  0x0ffcaad4       0x78 CMakeFiles/flexspi_psram_polling_transfer.elf.dir/home/akhilalabs/Projects/FW/SDK_2_15_000_EVK9-MIMX8ULP/devices/MIMX8UD5/drivers/upower/upower_api.c.obj
                0x0ffcaad4                upwr_tx
 .text.upwr_rx  0x0ffcab4c       0x84 CMakeFiles/flexspi_psram_polling_transfer.elf.dir/home/akhilalabs/Projects/FW/SDK_2_15_000_EVK9-MIMX8ULP/devices/MIMX8UD5/drivers/upower/upower_api.c.obj
                0x0ffcab4c                upwr_rx
 .text.upwr_rx_callback
                0x0ffcabd0       0x20 CMakeFiles/flexspi_psram_polling_transfer.elf.dir/home/akhilalabs/Projects/FW/SDK_2_15_000_EVK9-MIMX8ULP/devices/MIMX8UD5/drivers/upower/upower_api.c.obj
                0x0ffcabd0                upwr_rx_callback
 .text.msg_copy
                0x0ffcabf0       0x40 CMakeFiles/flexspi_psram_polling_transfer.elf.dir/home/akhilalabs/Projects/FW/SDK_2_15_000_EVK9-MIMX8ULP/devices/MIMX8UD5/drivers/upower/upower_api.c.obj
                0x0ffcabf0                msg_copy
 .text.fsl_assert_hook
                0x0ffcac30       0x1a CMakeFiles/flexspi_psram_polling_transfer.elf.dir/home/akhilalabs/Projects/FW/SDK_2_15_000_EVK9-MIMX8ULP/devices/MIMX8UD5/utilities/debug_console_lite/fsl_assert.c.obj
                0x0ffcac30                fsl_assert_hook
 *fill*         0x0ffcac4a        0x2 
 .text.__assert_func
                0x0ffcac4c       0x30 CMakeFiles/flexspi_psram_polling_transfer.elf.dir/home/akhilalabs/Projects/FW/SDK_2_15_000_EVK9-MIMX8ULP/devices/MIMX8UD5/utilities/debug_console_lite/fsl_assert.c.obj
                0x0ffcac4c                __assert_func
 .text.DbgConsole_Init
                0x0ffcac7c       0x88 CMakeFiles/flexspi_psram_polling_transfer.elf.dir/home/akhilalabs/Projects/FW/SDK_2_15_000_EVK9-MIMX8ULP/devices/MIMX8UD5/utilities/debug_console_lite/fsl_debug_console.c.obj
                0x0ffcac7c                DbgConsole_Init
 .text.DbgConsole_Printf
                0x0ffcad04       0x2c CMakeFiles/flexspi_psram_polling_transfer.elf.dir/home/akhilalabs/Projects/FW/SDK_2_15_000_EVK9-MIMX8ULP/devices/MIMX8UD5/utilities/debug_console_lite/fsl_debug_console.c.obj
                0x0ffcad04                DbgConsole_Printf
 .text.DbgConsole_Vprintf
                0x0ffcad30       0x3c CMakeFiles/flexspi_psram_polling_transfer.elf.dir/home/akhilalabs/Projects/FW/SDK_2_15_000_EVK9-MIMX8ULP/devices/MIMX8UD5/utilities/debug_console_lite/fsl_debug_console.c.obj
                0x0ffcad30                DbgConsole_Vprintf
 .text.DbgConsole_Putchar
                0x0ffcad6c       0x30 CMakeFiles/flexspi_psram_polling_transfer.elf.dir/home/akhilalabs/Projects/FW/SDK_2_15_000_EVK9-MIMX8ULP/devices/MIMX8UD5/utilities/debug_console_lite/fsl_debug_console.c.obj
                0x0ffcad6c                DbgConsole_Putchar
 .text.DbgConsole_PrintfPaddingCharacter
                0x0ffcad9c       0x40 CMakeFiles/flexspi_psram_polling_transfer.elf.dir/home/akhilalabs/Projects/FW/SDK_2_15_000_EVK9-MIMX8ULP/devices/MIMX8UD5/utilities/debug_console_lite/fsl_debug_console.c.obj
 .text.DbgConsole_ConvertRadixNumToString
                0x0ffcaddc       0xc2 CMakeFiles/flexspi_psram_polling_transfer.elf.dir/home/akhilalabs/Projects/FW/SDK_2_15_000_EVK9-MIMX8ULP/devices/MIMX8UD5/utilities/debug_console_lite/fsl_debug_console.c.obj
 *fill*         0x0ffcae9e        0x2 
 .text.DbgConsole_PrintfFormattedData
                0x0ffcaea0      0x3e0 CMakeFiles/flexspi_psram_polling_transfer.elf.dir/home/akhilalabs/Projects/FW/SDK_2_15_000_EVK9-MIMX8ULP/devices/MIMX8UD5/utilities/debug_console_lite/fsl_debug_console.c.obj
 .text.__udivmoddi4
                0x0ffcb280      0x300 /home/akhilalabs/.mcuxpressotools/arm-gnu-toolchain-13.2.Rel1-x86_64-arm-none-eabi/bin/../lib/gcc/arm-none-eabi/13.2.1/thumb/v8-m.main+fp/hard/libgcc.a(_udivmoddi4.o)
                0x0ffcb280                __udivmoddi4
 .text.exit     0x0ffcb580       0x24 /home/akhilalabs/.mcuxpressotools/arm-gnu-toolchain-13.2.Rel1-x86_64-arm-none-eabi/bin/../lib/gcc/arm-none-eabi/13.2.1/../../../../arm-none-eabi/lib/thumb/v8-m.main+fp/hard/libc_nano.a(libc_a-exit.o)
                0x0ffcb580                exit
 .text.__libc_init_array
                0x0ffcb5a4       0x48 /home/akhilalabs/.mcuxpressotools/arm-gnu-toolchain-13.2.Rel1-x86_64-arm-none-eabi/bin/../lib/gcc/arm-none-eabi/13.2.1/../../../../arm-none-eabi/lib/thumb/v8-m.main+fp/hard/libc_nano.a(libc_a-init.o)
                0x0ffcb5a4                __libc_init_array
 .text.memcmp   0x0ffcb5ec       0x20 /home/akhilalabs/.mcuxpressotools/arm-gnu-toolchain-13.2.Rel1-x86_64-arm-none-eabi/bin/../lib/gcc/arm-none-eabi/13.2.1/../../../../arm-none-eabi/lib/thumb/v8-m.main+fp/hard/libc_nano.a(libc_a-memcmp.o)
                0x0ffcb5ec                memcmp
 .text.memset   0x0ffcb60c       0x10 /home/akhilalabs/.mcuxpressotools/arm-gnu-toolchain-13.2.Rel1-x86_64-arm-none-eabi/bin/../lib/gcc/arm-none-eabi/13.2.1/../../../../arm-none-eabi/lib/thumb/v8-m.main+fp/hard/libc_nano.a(libc_a-memset.o)
                0x0ffcb60c                memset
 .text._exit    0x0ffcb61c        0x2 /home/akhilalabs/.mcuxpressotools/arm-gnu-toolchain-13.2.Rel1-x86_64-arm-none-eabi/bin/../lib/gcc/arm-none-eabi/13.2.1/../../../../arm-none-eabi/lib/thumb/v8-m.main+fp/hard/libcr_newlib_nohost.a(_exit.o)
                0x0ffcb61c                _exit
                0x0ffcb61e                        __quickcodeaccess_start__ = .
                0x0ffcb620                        . = ALIGN (0x20)
 *fill*         0x0ffcb61e        0x2 
 *(CodeQuickAccess)
 CodeQuickAccess
                0x0ffcb620      0x25c CMakeFiles/flexspi_psram_polling_transfer.elf.dir/home/akhilalabs/Projects/FW/evk9mimx8ulp_flexspi_psram_polling_transfer2/board.c.obj
                0x0ffcb620                BOARD_SetFlexspiClock
                0x0ffcb7a4                BOARD_DeinitXip
                0x0ffcb7e2                BOARD_InitXip
                0x0ffcb880                        . = ALIGN (0x20)
 *fill*         0x0ffcb87c        0x4 
                0x0ffcb880                        __quickcodeaccess_end__ = .
 *(.rodata)
 .rodata        0x0ffcb880     0x1020 CMakeFiles/flexspi_psram_polling_transfer.elf.dir/home/akhilalabs/Projects/FW/evk9mimx8ulp_flexspi_psram_polling_transfer2/board.c.obj
 .rodata        0x0ffcc8a0      0x1f0 CMakeFiles/flexspi_psram_polling_transfer.elf.dir/home/akhilalabs/Projects/FW/evk9mimx8ulp_flexspi_psram_polling_transfer2/clock_config.c.obj
 .rodata        0x0ffcca90      0x1cd CMakeFiles/flexspi_psram_polling_transfer.elf.dir/home/akhilalabs/Projects/FW/evk9mimx8ulp_flexspi_psram_polling_transfer2/flexspi_psram_polling_transfer.c.obj
 *fill*         0x0ffccc5d        0x3 
 .rodata        0x0ffccc60      0x124 CMakeFiles/flexspi_psram_polling_transfer.elf.dir/home/akhilalabs/Projects/FW/SDK_2_15_000_EVK9-MIMX8ULP/components/uart/fsl_adapter_lpuart.c.obj
 .rodata        0x0ffccd84        0x8 CMakeFiles/flexspi_psram_polling_transfer.elf.dir/home/akhilalabs/Projects/FW/SDK_2_15_000_EVK9-MIMX8ULP/devices/MIMX8UD5/system_MIMX8UD5_cm33.c.obj
 .rodata        0x0ffccd8c      0x4fa CMakeFiles/flexspi_psram_polling_transfer.elf.dir/home/akhilalabs/Projects/FW/SDK_2_15_000_EVK9-MIMX8ULP/devices/MIMX8UD5/drivers/fsl_clock.c.obj
 *fill*         0x0ffcd286        0x2 
 .rodata        0x0ffcd288       0xb8 CMakeFiles/flexspi_psram_polling_transfer.elf.dir/home/akhilalabs/Projects/FW/SDK_2_15_000_EVK9-MIMX8ULP/devices/MIMX8UD5/drivers/fsl_common_arm.c.obj
 .rodata        0x0ffcd340      0x17d CMakeFiles/flexspi_psram_polling_transfer.elf.dir/home/akhilalabs/Projects/FW/SDK_2_15_000_EVK9-MIMX8ULP/devices/MIMX8UD5/drivers/fsl_flexspi.c.obj
 *fill*         0x0ffcd4bd        0x3 
 .rodata        0x0ffcd4c0      0x2ce CMakeFiles/flexspi_psram_polling_transfer.elf.dir/home/akhilalabs/Projects/FW/SDK_2_15_000_EVK9-MIMX8ULP/devices/MIMX8UD5/drivers/fsl_lpuart.c.obj
 *fill*         0x0ffcd78e        0x2 
 .rodata        0x0ffcd790      0x17b CMakeFiles/flexspi_psram_polling_transfer.elf.dir/home/akhilalabs/Projects/FW/SDK_2_15_000_EVK9-MIMX8ULP/devices/MIMX8UD5/drivers/fsl_mu.c.obj
 *fill*         0x0ffcd90b        0x1 
 .rodata        0x0ffcd90c      0x126 CMakeFiles/flexspi_psram_polling_transfer.elf.dir/home/akhilalabs/Projects/FW/SDK_2_15_000_EVK9-MIMX8ULP/devices/MIMX8UD5/drivers/fsl_sentinel.c.obj
 *fill*         0x0ffcda32        0x2 
 .rodata        0x0ffcda34      0x269 CMakeFiles/flexspi_psram_polling_transfer.elf.dir/home/akhilalabs/Projects/FW/SDK_2_15_000_EVK9-MIMX8ULP/devices/MIMX8UD5/drivers/fsl_trdc.c.obj
 *fill*         0x0ffcdc9d        0x3 
 .rodata        0x0ffcdca0      0x165 CMakeFiles/flexspi_psram_polling_transfer.elf.dir/home/akhilalabs/Projects/FW/SDK_2_15_000_EVK9-MIMX8ULP/devices/MIMX8UD5/drivers/fsl_upower.c.obj
 *fill*         0x0ffcde05        0x3 
 .rodata        0x0ffcde08       0x3e CMakeFiles/flexspi_psram_polling_transfer.elf.dir/home/akhilalabs/Projects/FW/SDK_2_15_000_EVK9-MIMX8ULP/devices/MIMX8UD5/utilities/debug_console_lite/fsl_assert.c.obj
 *(.rodata*)
 *fill*         0x0ffcde46        0x2 
 .rodata.fsb_mapping_table
                0x0ffcde48      0x114 CMakeFiles/flexspi_psram_polling_transfer.elf.dir/home/akhilalabs/Projects/FW/evk9mimx8ulp_flexspi_psram_polling_transfer2/board.c.obj
                0x0ffcde48                fsb_mapping_table
 .rodata.__func__.5
                0x0ffcdf5c       0x16 CMakeFiles/flexspi_psram_polling_transfer.elf.dir/home/akhilalabs/Projects/FW/evk9mimx8ulp_flexspi_psram_polling_transfer2/board.c.obj
 *fill*         0x0ffcdf72        0x2 
 .rodata.__func__.1
                0x0ffcdf74       0x19 CMakeFiles/flexspi_psram_polling_transfer.elf.dir/home/akhilalabs/Projects/FW/evk9mimx8ulp_flexspi_psram_polling_transfer2/board.c.obj
 *fill*         0x0ffcdf8d        0x3 
 .rodata.g_cgcSysOscConfig
                0x0ffcdf90        0xc CMakeFiles/flexspi_psram_polling_transfer.elf.dir/home/akhilalabs/Projects/FW/evk9mimx8ulp_flexspi_psram_polling_transfer2/clock_config.c.obj
                0x0ffcdf90                g_cgcSysOscConfig
 .rodata.g_cgcFroConfig
                0x0ffcdf9c        0x4 CMakeFiles/flexspi_psram_polling_transfer.elf.dir/home/akhilalabs/Projects/FW/evk9mimx8ulp_flexspi_psram_polling_transfer2/clock_config.c.obj
                0x0ffcdf9c                g_cgcFroConfig
 .rodata.g_cgcPll0Config
                0x0ffcdfa0        0x6 CMakeFiles/flexspi_psram_polling_transfer.elf.dir/home/akhilalabs/Projects/FW/evk9mimx8ulp_flexspi_psram_polling_transfer2/clock_config.c.obj
                0x0ffcdfa0                g_cgcPll0Config
 *fill*         0x0ffcdfa6        0x2 
 .rodata.g_cgcPll1Config
                0x0ffcdfa8       0x10 CMakeFiles/flexspi_psram_polling_transfer.elf.dir/home/akhilalabs/Projects/FW/evk9mimx8ulp_flexspi_psram_polling_transfer2/clock_config.c.obj
                0x0ffcdfa8                g_cgcPll1Config
 .rodata.__func__.6
                0x0ffcdfb8       0x1a CMakeFiles/flexspi_psram_polling_transfer.elf.dir/home/akhilalabs/Projects/FW/evk9mimx8ulp_flexspi_psram_polling_transfer2/clock_config.c.obj
 *fill*         0x0ffcdfd2        0x2 
 .rodata.__func__.5
                0x0ffcdfd4       0x16 CMakeFiles/flexspi_psram_polling_transfer.elf.dir/home/akhilalabs/Projects/FW/evk9mimx8ulp_flexspi_psram_polling_transfer2/clock_config.c.obj
 *fill*         0x0ffcdfea        0x2 
 .rodata.__func__.2
                0x0ffcdfec       0x18 CMakeFiles/flexspi_psram_polling_transfer.elf.dir/home/akhilalabs/Projects/FW/evk9mimx8ulp_flexspi_psram_polling_transfer2/clock_config.c.obj
 .rodata.__func__.0
                0x0ffce004        0x5 CMakeFiles/flexspi_psram_polling_transfer.elf.dir/home/akhilalabs/Projects/FW/evk9mimx8ulp_flexspi_psram_polling_transfer2/flexspi_psram_polling_transfer.c.obj
 *fill*         0x0ffce009        0x3 
 .rodata.s_LpuartAdapterBase
                0x0ffce00c       0x20 CMakeFiles/flexspi_psram_polling_transfer.elf.dir/home/akhilalabs/Projects/FW/SDK_2_15_000_EVK9-MIMX8ULP/components/uart/fsl_adapter_lpuart.c.obj
 .rodata.__func__.4
                0x0ffce02c        0xd CMakeFiles/flexspi_psram_polling_transfer.elf.dir/home/akhilalabs/Projects/FW/SDK_2_15_000_EVK9-MIMX8ULP/components/uart/fsl_adapter_lpuart.c.obj
 *fill*         0x0ffce039        0x3 
 .rodata.__func__.2
                0x0ffce03c       0x18 CMakeFiles/flexspi_psram_polling_transfer.elf.dir/home/akhilalabs/Projects/FW/SDK_2_15_000_EVK9-MIMX8ULP/components/uart/fsl_adapter_lpuart.c.obj
 .rodata.__func__.1
                0x0ffce054       0x15 CMakeFiles/flexspi_psram_polling_transfer.elf.dir/home/akhilalabs/Projects/FW/SDK_2_15_000_EVK9-MIMX8ULP/components/uart/fsl_adapter_lpuart.c.obj
 *fill*         0x0ffce069        0x3 
 .rodata.s_pll0Multi
                0x0ffce06c        0x8 CMakeFiles/flexspi_psram_polling_transfer.elf.dir/home/akhilalabs/Projects/FW/SDK_2_15_000_EVK9-MIMX8ULP/devices/MIMX8UD5/drivers/fsl_clock.c.obj
 .rodata.__func__.53
                0x0ffce074       0x15 CMakeFiles/flexspi_psram_polling_transfer.elf.dir/home/akhilalabs/Projects/FW/SDK_2_15_000_EVK9-MIMX8ULP/devices/MIMX8UD5/drivers/fsl_clock.c.obj
 *fill*         0x0ffce089        0x3 
 .rodata.__func__.48
                0x0ffce08c        0xf CMakeFiles/flexspi_psram_polling_transfer.elf.dir/home/akhilalabs/Projects/FW/SDK_2_15_000_EVK9-MIMX8ULP/devices/MIMX8UD5/drivers/fsl_clock.c.obj
 *fill*         0x0ffce09b        0x1 
 .rodata.__func__.47
                0x0ffce09c       0x12 CMakeFiles/flexspi_psram_polling_transfer.elf.dir/home/akhilalabs/Projects/FW/SDK_2_15_000_EVK9-MIMX8ULP/devices/MIMX8UD5/drivers/fsl_clock.c.obj
 *fill*         0x0ffce0ae        0x2 
 .rodata.__func__.46
                0x0ffce0b0       0x15 CMakeFiles/flexspi_psram_polling_transfer.elf.dir/home/akhilalabs/Projects/FW/SDK_2_15_000_EVK9-MIMX8ULP/devices/MIMX8UD5/drivers/fsl_clock.c.obj
 *fill*         0x0ffce0c5        0x3 
 .rodata.__func__.41
                0x0ffce0c8       0x17 CMakeFiles/flexspi_psram_polling_transfer.elf.dir/home/akhilalabs/Projects/FW/SDK_2_15_000_EVK9-MIMX8ULP/devices/MIMX8UD5/drivers/fsl_clock.c.obj
 *fill*         0x0ffce0df        0x1 
 .rodata.__func__.40
                0x0ffce0e0       0x11 CMakeFiles/flexspi_psram_polling_transfer.elf.dir/home/akhilalabs/Projects/FW/SDK_2_15_000_EVK9-MIMX8ULP/devices/MIMX8UD5/drivers/fsl_clock.c.obj
 *fill*         0x0ffce0f1        0x3 
 .rodata.__func__.39
                0x0ffce0f4       0x1b CMakeFiles/flexspi_psram_polling_transfer.elf.dir/home/akhilalabs/Projects/FW/SDK_2_15_000_EVK9-MIMX8ULP/devices/MIMX8UD5/drivers/fsl_clock.c.obj
 *fill*         0x0ffce10f        0x1 
 .rodata.__func__.38
                0x0ffce110       0x14 CMakeFiles/flexspi_psram_polling_transfer.elf.dir/home/akhilalabs/Projects/FW/SDK_2_15_000_EVK9-MIMX8ULP/devices/MIMX8UD5/drivers/fsl_clock.c.obj
 .rodata.__func__.37
                0x0ffce124       0x19 CMakeFiles/flexspi_psram_polling_transfer.elf.dir/home/akhilalabs/Projects/FW/SDK_2_15_000_EVK9-MIMX8ULP/devices/MIMX8UD5/drivers/fsl_clock.c.obj
 *fill*         0x0ffce13d        0x3 
 .rodata.__func__.36
                0x0ffce140        0xe CMakeFiles/flexspi_psram_polling_transfer.elf.dir/home/akhilalabs/Projects/FW/SDK_2_15_000_EVK9-MIMX8ULP/devices/MIMX8UD5/drivers/fsl_clock.c.obj
 *fill*         0x0ffce14e        0x2 
 .rodata.__func__.35
                0x0ffce150       0x18 CMakeFiles/flexspi_psram_polling_transfer.elf.dir/home/akhilalabs/Projects/FW/SDK_2_15_000_EVK9-MIMX8ULP/devices/MIMX8UD5/drivers/fsl_clock.c.obj
 .rodata.__func__.32
                0x0ffce168       0x14 CMakeFiles/flexspi_psram_polling_transfer.elf.dir/home/akhilalabs/Projects/FW/SDK_2_15_000_EVK9-MIMX8ULP/devices/MIMX8UD5/drivers/fsl_clock.c.obj
 .rodata.__func__.31
                0x0ffce17c        0xf CMakeFiles/flexspi_psram_polling_transfer.elf.dir/home/akhilalabs/Projects/FW/SDK_2_15_000_EVK9-MIMX8ULP/devices/MIMX8UD5/drivers/fsl_clock.c.obj
 *fill*         0x0ffce18b        0x1 
 .rodata.__func__.29
                0x0ffce18c       0x17 CMakeFiles/flexspi_psram_polling_transfer.elf.dir/home/akhilalabs/Projects/FW/SDK_2_15_000_EVK9-MIMX8ULP/devices/MIMX8UD5/drivers/fsl_clock.c.obj
 *fill*         0x0ffce1a3        0x1 
 .rodata.__func__.28
                0x0ffce1a4       0x1a CMakeFiles/flexspi_psram_polling_transfer.elf.dir/home/akhilalabs/Projects/FW/SDK_2_15_000_EVK9-MIMX8ULP/devices/MIMX8UD5/drivers/fsl_clock.c.obj
 *fill*         0x0ffce1be        0x2 
 .rodata.__func__.27
                0x0ffce1c0        0xf CMakeFiles/flexspi_psram_polling_transfer.elf.dir/home/akhilalabs/Projects/FW/SDK_2_15_000_EVK9-MIMX8ULP/devices/MIMX8UD5/drivers/fsl_clock.c.obj
 *fill*         0x0ffce1cf        0x1 
 .rodata.__func__.25
                0x0ffce1d0       0x17 CMakeFiles/flexspi_psram_polling_transfer.elf.dir/home/akhilalabs/Projects/FW/SDK_2_15_000_EVK9-MIMX8ULP/devices/MIMX8UD5/drivers/fsl_clock.c.obj
 *fill*         0x0ffce1e7        0x1 
 .rodata.__func__.24
                0x0ffce1e8       0x1a CMakeFiles/flexspi_psram_polling_transfer.elf.dir/home/akhilalabs/Projects/FW/SDK_2_15_000_EVK9-MIMX8ULP/devices/MIMX8UD5/drivers/fsl_clock.c.obj
 *fill*         0x0ffce202        0x2 
 .rodata.__func__.6
                0x0ffce204       0x17 CMakeFiles/flexspi_psram_polling_transfer.elf.dir/home/akhilalabs/Projects/FW/SDK_2_15_000_EVK9-MIMX8ULP/devices/MIMX8UD5/drivers/fsl_clock.c.obj
 *fill*         0x0ffce21b        0x1 
 .rodata.__func__.0
                0x0ffce21c       0x13 CMakeFiles/flexspi_psram_polling_transfer.elf.dir/home/akhilalabs/Projects/FW/SDK_2_15_000_EVK9-MIMX8ULP/devices/MIMX8UD5/drivers/fsl_common_arm.c.obj
 *fill*         0x0ffce22f        0x1 
 .rodata.s_flexspiBases
                0x0ffce230        0xc CMakeFiles/flexspi_psram_polling_transfer.elf.dir/home/akhilalabs/Projects/FW/SDK_2_15_000_EVK9-MIMX8ULP/devices/MIMX8UD5/drivers/fsl_flexspi.c.obj
 .rodata.s_flexspiClock
                0x0ffce23c        0xc CMakeFiles/flexspi_psram_polling_transfer.elf.dir/home/akhilalabs/Projects/FW/SDK_2_15_000_EVK9-MIMX8ULP/devices/MIMX8UD5/drivers/fsl_flexspi.c.obj
 .rodata.__func__.9
                0x0ffce248        0xf CMakeFiles/flexspi_psram_polling_transfer.elf.dir/home/akhilalabs/Projects/FW/SDK_2_15_000_EVK9-MIMX8ULP/devices/MIMX8UD5/drivers/fsl_flexspi.c.obj
 *fill*         0x0ffce257        0x1 
 .rodata.__func__.8
                0x0ffce258       0x14 CMakeFiles/flexspi_psram_polling_transfer.elf.dir/home/akhilalabs/Projects/FW/SDK_2_15_000_EVK9-MIMX8ULP/devices/MIMX8UD5/drivers/fsl_flexspi.c.obj
 .rodata.__func__.7
                0x0ffce26c       0x15 CMakeFiles/flexspi_psram_polling_transfer.elf.dir/home/akhilalabs/Projects/FW/SDK_2_15_000_EVK9-MIMX8ULP/devices/MIMX8UD5/drivers/fsl_flexspi.c.obj
 *fill*         0x0ffce281        0x3 
 .rodata.__func__.6
                0x0ffce284       0x1b CMakeFiles/flexspi_psram_polling_transfer.elf.dir/home/akhilalabs/Projects/FW/SDK_2_15_000_EVK9-MIMX8ULP/devices/MIMX8UD5/drivers/fsl_flexspi.c.obj
 *fill*         0x0ffce29f        0x1 
 .rodata.__func__.5
                0x0ffce2a0       0x12 CMakeFiles/flexspi_psram_polling_transfer.elf.dir/home/akhilalabs/Projects/FW/SDK_2_15_000_EVK9-MIMX8ULP/devices/MIMX8UD5/drivers/fsl_flexspi.c.obj
 *fill*         0x0ffce2b2        0x2 
 .rodata.__func__.4
                0x0ffce2b4       0x12 CMakeFiles/flexspi_psram_polling_transfer.elf.dir/home/akhilalabs/Projects/FW/SDK_2_15_000_EVK9-MIMX8ULP/devices/MIMX8UD5/drivers/fsl_flexspi.c.obj
 *fill*         0x0ffce2c6        0x2 
 .rodata.s_lpuartBases
                0x0ffce2c8       0x20 CMakeFiles/flexspi_psram_polling_transfer.elf.dir/home/akhilalabs/Projects/FW/SDK_2_15_000_EVK9-MIMX8ULP/devices/MIMX8UD5/drivers/fsl_lpuart.c.obj