/home/akhilalabs/Projects/FW/SDK_2_15_000_EVK9-MIMX8ULP/CMSIS/Core/Include/./mpu_armv8.h:130:22:ARM_MPU_Enable	16	static
/home/akhilalabs/Projects/FW/SDK_2_15_000_EVK9-MIMX8ULP/CMSIS/Core/Include/./mpu_armv8.h:143:22:ARM_MPU_Disable	4	static
/home/akhilalabs/Projects/FW/SDK_2_15_000_EVK9-MIMX8ULP/CMSIS/Core/Include/./mpu_armv8.h:188:22:ARM_MPU_SetMemAttrEx	32	static
/home/akhilalabs/Projects/FW/SDK_2_15_000_EVK9-MIMX8ULP/CMSIS/Core/Include/./mpu_armv8.h:205:22:ARM_MPU_SetMemAttr	16	static
/home/akhilalabs/Projects/FW/SDK_2_15_000_EVK9-MIMX8ULP/CMSIS/Core/Include/./mpu_armv8.h:255:22:ARM_MPU_SetRegionEx	24	static
/home/akhilalabs/Projects/FW/SDK_2_15_000_EVK9-MIMX8ULP/CMSIS/Core/Include/./mpu_armv8.h:267:22:ARM_MPU_SetRegion	24	static
/home/akhilalabs/Projects/FW/evk9mimx8ulp_flexspi_psram_polling_transfer2/board.c:1658:6:BOARD_SetFlexspiClock	32	static
/home/akhilalabs/Projects/FW/evk9mimx8ulp_flexspi_psram_polling_transfer2/board.c:1598:6:BOARD_DeinitXip	16	static
/home/akhilalabs/Projects/FW/evk9mimx8ulp_flexspi_psram_polling_transfer2/board.c:1608:6:BOARD_InitXip	32	static
/home/akhilalabs/Projects/FW/SDK_2_15_000_EVK9-MIMX8ULP/devices/MIMX8UD5/drivers/./fsl_flexspi.h:431:20:FLEXSPI_SoftwareReset	16	static
/home/akhilalabs/Projects/FW/SDK_2_15_000_EVK9-MIMX8ULP/devices/MIMX8UD5/drivers/./fsl_trdc.h:521:20:TRDC_SetDacGlobalValid	16	static
/home/akhilalabs/Projects/FW/SDK_2_15_000_EVK9-MIMX8ULP/devices/MIMX8UD5/drivers/./fsl_trdc.h:1024:20:TRDC_SetMrcGlobalValid	16	static
/home/akhilalabs/Projects/FW/SDK_2_15_000_EVK9-MIMX8ULP/devices/MIMX8UD5/drivers/./fsl_trdc.h:1035:23:TRDC_GetMrcRegionNumber	16	static
/home/akhilalabs/Projects/FW/SDK_2_15_000_EVK9-MIMX8ULP/devices/MIMX8UD5/drivers/./fsl_trdc.h:1133:20:TRDC_SetMbcGlobalValid	16	static
/home/akhilalabs/Projects/FW/SDK_2_15_000_EVK9-MIMX8ULP/devices/MIMX8UD5/drivers/./fsl_mu.h:407:24:MU_GetFlags	16	static
/home/akhilalabs/Projects/FW/evk9mimx8ulp_flexspi_psram_polling_transfer2/board.c:122:6:BOARD_InitDebugConsole	16	static
/home/akhilalabs/Projects/FW/evk9mimx8ulp_flexspi_psram_polling_transfer2/board.c:139:6:BOARD_IsFusionAvailable	4	static
/home/akhilalabs/Projects/FW/evk9mimx8ulp_flexspi_psram_polling_transfer2/board.c:144:6:BOARD_DumpRegs	16	static
/home/akhilalabs/Projects/FW/evk9mimx8ulp_flexspi_psram_polling_transfer2/board.c:156:6:BOARD_DumpRTDRegs	8	static
/home/akhilalabs/Projects/FW/evk9mimx8ulp_flexspi_psram_polling_transfer2/board.c:236:6:BOARD_GetReleaseFlagOfTrdc	4	static
/home/akhilalabs/Projects/FW/evk9mimx8ulp_flexspi_psram_polling_transfer2/board.c:241:6:BOARD_SetReleaseFlagOfTrdc	16	static
/home/akhilalabs/Projects/FW/evk9mimx8ulp_flexspi_psram_polling_transfer2/board.c:247:17:BOARD_MapFsbFuseIndex	40	static
/home/akhilalabs/Projects/FW/evk9mimx8ulp_flexspi_psram_polling_transfer2/board.c:282:9:BOARD_FuseRead	40	static
/home/akhilalabs/Projects/FW/evk9mimx8ulp_flexspi_psram_polling_transfer2/board.c:306:17:BOARD_GetMpuSpeedGradeHz	24	static
/home/akhilalabs/Projects/FW/evk9mimx8ulp_flexspi_psram_polling_transfer2/board.c:330:10:BOARD_GetSocVariantType	24	static
/home/akhilalabs/Projects/FW/evk9mimx8ulp_flexspi_psram_polling_transfer2/board.c:362:6:BOARD_IsIpDisabled	24	static
/home/akhilalabs/Projects/FW/evk9mimx8ulp_flexspi_psram_polling_transfer2/board.c:402:6:BOARD_IsRdcEnabled	16	static
/home/akhilalabs/Projects/FW/evk9mimx8ulp_flexspi_psram_polling_transfer2/board.c:422:6:BOARD_ReleaseTRDC	16	static
/home/akhilalabs/Projects/FW/evk9mimx8ulp_flexspi_psram_polling_transfer2/board.c:436:6:BOARD_SetTrdcGlobalConfig	72	static
/home/akhilalabs/Projects/FW/evk9mimx8ulp_flexspi_psram_polling_transfer2/board.c:1031:6:BOARD_SetTrdcAfterApdReset	16	static
/home/akhilalabs/Projects/FW/evk9mimx8ulp_flexspi_psram_polling_transfer2/board.c:1074:6:BOARD_IsLowPowerBootType	4	static
/home/akhilalabs/Projects/FW/evk9mimx8ulp_flexspi_psram_polling_transfer2/board.c:1086:6:BOARD_IsLPAVOwnedByRTD	4	static
/home/akhilalabs/Projects/FW/evk9mimx8ulp_flexspi_psram_polling_transfer2/board.c:1092:6:BOARD_IsSingleBootType	4	static
/home/akhilalabs/Projects/FW/evk9mimx8ulp_flexspi_psram_polling_transfer2/board.c:1103:13:BOARD_GetBootTypeName	16	static
/home/akhilalabs/Projects/FW/evk9mimx8ulp_flexspi_psram_polling_transfer2/board.c:1126:6:BOARD_HandshakeWithUboot	48	static
/home/akhilalabs/Projects/FW/evk9mimx8ulp_flexspi_psram_polling_transfer2/board.c:1213:6:BOARD_ConfigMPU	16	static
/home/akhilalabs/Projects/FW/evk9mimx8ulp_flexspi_psram_polling_transfer2/board.c:1279:17:flexspi_hyper_ram_write_mcr	48	static
/home/akhilalabs/Projects/FW/evk9mimx8ulp_flexspi_psram_polling_transfer2/board.c:1298:17:flexspi_hyper_ram_get_mcr	48	static
/home/akhilalabs/Projects/FW/evk9mimx8ulp_flexspi_psram_polling_transfer2/board.c:1317:17:flexspi_hyper_ram_reset	40	static
/home/akhilalabs/Projects/FW/evk9mimx8ulp_flexspi_psram_polling_transfer2/board.c:1347:17:psram_reset	48	static
/home/akhilalabs/Projects/FW/evk9mimx8ulp_flexspi_psram_polling_transfer2/board.c:1387:10:flexspi_psram_enter_quad_mode	40	static
/home/akhilalabs/Projects/FW/evk9mimx8ulp_flexspi_psram_polling_transfer2/board.c:1415:10:BOARD_InitPsRam	408	static
/home/akhilalabs/Projects/FW/evk9mimx8ulp_flexspi_psram_polling_transfer2/board.c:1709:6:BOARD_FlexspiClockSafeConfig	16	static
/home/akhilalabs/Projects/FW/evk9mimx8ulp_flexspi_psram_polling_transfer2/board.c:1925:6:BOARD_LpavInit	16	static
/home/akhilalabs/Projects/FW/evk9mimx8ulp_flexspi_psram_polling_transfer2/board.c:1986:13:ddrInit	24	static
/home/akhilalabs/Projects/FW/evk9mimx8ulp_flexspi_psram_polling_transfer2/board.c:2035:6:BOARD_DdrSave	16	static
/home/akhilalabs/Projects/FW/evk9mimx8ulp_flexspi_psram_polling_transfer2/board.c:2095:6:BOARD_LpavSave	16	static
/home/akhilalabs/Projects/FW/evk9mimx8ulp_flexspi_psram_polling_transfer2/board.c:2140:6:BOARD_DramLpAutoDisable	16	static
/home/akhilalabs/Projects/FW/evk9mimx8ulp_flexspi_psram_polling_transfer2/board.c:2183:6:BOARD_DramLpAutoEnabble	4	static
/home/akhilalabs/Projects/FW/evk9mimx8ulp_flexspi_psram_polling_transfer2/board.c:2208:6:BOARD_DramEnterRetention	16	static
/home/akhilalabs/Projects/FW/evk9mimx8ulp_flexspi_psram_polling_transfer2/board.c:2255:6:BOARD_DramExitRetention	24	static
/home/akhilalabs/Projects/FW/evk9mimx8ulp_flexspi_psram_polling_transfer2/board.c:2392:6:BOARD_DDREnterSelfRefresh	16	static
/home/akhilalabs/Projects/FW/evk9mimx8ulp_flexspi_psram_polling_transfer2/board.c:2409:6:BOARD_DDRExitSelfRefresh	16	static
