/home/akhilalabs/Projects/FW/SDK_2_15_000_EVK9-MIMX8ULP/devices/MIMX8UD5/drivers/./fsl_iomuxc.h:1657:20:IOMUXC_SetPinMux	24	static
/home/akhilalabs/Projects/FW/SDK_2_15_000_EVK9-MIMX8ULP/devices/MIMX8UD5/drivers/./fsl_iomuxc.h:1694:20:IOMUXC_SetPinConfig	24	static
/home/akhilalabs/Projects/FW/evk9mimx8ulp_flexspi_psram_polling_transfer2/pin_mux.c:34:6:BOARD_InitBootPins	8	static
/home/akhilalabs/Projects/FW/evk9mimx8ulp_flexspi_psram_polling_transfer2/pin_mux.c:56:6:BOARD_InitPins	16	static
/home/akhilalabs/Projects/FW/evk9mimx8ulp_flexspi_psram_polling_transfer2/pin_mux.c:93:6:BOARD_InitPsRamPins	16	static
