/home/akhilalabs/Projects/FW/SDK_2_15_000_EVK9-MIMX8ULP/devices/MIMX8UD5/system_MIMX8UD5_cm33.c:61:17:getPll0Freq	24	static
/home/akhilalabs/Projects/FW/SDK_2_15_000_EVK9-MIMX8ULP/devices/MIMX8UD5/system_MIMX8UD5_cm33.c:82:17:getPll1Freq	64	static
/home/akhilalabs/Projects/FW/SDK_2_15_000_EVK9-MIMX8ULP/devices/MIMX8UD5/system_MIMX8UD5_cm33.c:116:6:SystemInit	8	static
/home/akhilalabs/Projects/FW/SDK_2_15_000_EVK9-MIMX8ULP/devices/MIMX8UD5/system_MIMX8UD5_cm33.c:142:6:SystemCoreClockUpdate	80	static
/home/akhilalabs/Projects/FW/SDK_2_15_000_EVK9-MIMX8ULP/devices/MIMX8UD5/system_MIMX8UD5_cm33.c:196:28:SystemInitHook	4	static
