/home/akhilalabs/Projects/FW/SDK_2_15_000_EVK9-MIMX8ULP/devices/MIMX8UD5/drivers/upower/upower_api.c:173:14:ptr2phys	16	static
/home/akhilalabs/Projects/FW/SDK_2_15_000_EVK9-MIMX8ULP/devices/MIMX8UD5/drivers/upower/upower_api.c:198:17:upwr_ptr2offset	24	static
/home/akhilalabs/Projects/FW/SDK_2_15_000_EVK9-MIMX8ULP/devices/MIMX8UD5/drivers/upower/upower_api.c:225:13:upwr_lock	16	static
/home/akhilalabs/Projects/FW/SDK_2_15_000_EVK9-MIMX8ULP/devices/MIMX8UD5/drivers/upower/upower_api.c:234:13:upwr_exp_isr	4	static
/home/akhilalabs/Projects/FW/SDK_2_15_000_EVK9-MIMX8ULP/devices/MIMX8UD5/drivers/upower/upower_api.c:246:6:upwr_txrx_isr	8	static
/home/akhilalabs/Projects/FW/SDK_2_15_000_EVK9-MIMX8ULP/devices/MIMX8UD5/drivers/upower/upower_api.c:279:13:upwr_next_req	16	static
/home/akhilalabs/Projects/FW/SDK_2_15_000_EVK9-MIMX8ULP/devices/MIMX8UD5/drivers/upower/upower_api.c:319:13:upwr_mu_int_callback	40	static
/home/akhilalabs/Projects/FW/SDK_2_15_000_EVK9-MIMX8ULP/devices/MIMX8UD5/drivers/upower/upower_api.c:386:13:upwr_srv_req	32	static
/home/akhilalabs/Projects/FW/SDK_2_15_000_EVK9-MIMX8ULP/devices/MIMX8UD5/drivers/upower/upower_api.c:452:6:upwr_start_callb	40	static
/home/akhilalabs/Projects/FW/SDK_2_15_000_EVK9-MIMX8ULP/devices/MIMX8UD5/drivers/upower/upower_api.c:561:5:upwr_init	48	static
/home/akhilalabs/Projects/FW/SDK_2_15_000_EVK9-MIMX8ULP/devices/MIMX8UD5/drivers/upower/upower_api.c:757:5:upwr_start	24	static
/home/akhilalabs/Projects/FW/SDK_2_15_000_EVK9-MIMX8ULP/devices/MIMX8UD5/drivers/upower/upower_api.c:817:5:upwr_xcp_config	24	static
/home/akhilalabs/Projects/FW/SDK_2_15_000_EVK9-MIMX8ULP/devices/MIMX8UD5/drivers/upower/upower_api.c:876:5:upwr_xcp_sw_alarm	32	static
/home/akhilalabs/Projects/FW/SDK_2_15_000_EVK9-MIMX8ULP/devices/MIMX8UD5/drivers/upower/upower_api.c:918:5:upwr_xcp_set_ddr_retention	32	static
/home/akhilalabs/Projects/FW/SDK_2_15_000_EVK9-MIMX8ULP/devices/MIMX8UD5/drivers/upower/upower_api.c:960:5:upwr_xcp_set_rtd_use_ddr	32	static
/home/akhilalabs/Projects/FW/SDK_2_15_000_EVK9-MIMX8ULP/devices/MIMX8UD5/drivers/upower/upower_api.c:1002:5:upwr_xcp_set_rtd_apd_llwu	32	static
/home/akhilalabs/Projects/FW/SDK_2_15_000_EVK9-MIMX8ULP/devices/MIMX8UD5/drivers/upower/upower_api.c:1049:5:upwr_xcp_shutdown	24	static
/home/akhilalabs/Projects/FW/SDK_2_15_000_EVK9-MIMX8ULP/devices/MIMX8UD5/drivers/upower/upower_api.c:1132:5:upwr_xcp_i2c_access	40	static
/home/akhilalabs/Projects/FW/SDK_2_15_000_EVK9-MIMX8ULP/devices/MIMX8UD5/drivers/upower/upower_api.c:1206:5:upwr_vtm_pmic_cold_reset	24	static
/home/akhilalabs/Projects/FW/SDK_2_15_000_EVK9-MIMX8ULP/devices/MIMX8UD5/drivers/upower/upower_api.c:1252:5:upwr_vtm_set_pmic_mode	24	static
/home/akhilalabs/Projects/FW/SDK_2_15_000_EVK9-MIMX8ULP/devices/MIMX8UD5/drivers/upower/upower_api.c:1303:5:upwr_vtm_chng_pmic_voltage	32	static
/home/akhilalabs/Projects/FW/SDK_2_15_000_EVK9-MIMX8ULP/devices/MIMX8UD5/drivers/upower/upower_api.c:1360:5:upwr_vtm_get_pmic_voltage	24	static
/home/akhilalabs/Projects/FW/SDK_2_15_000_EVK9-MIMX8ULP/devices/MIMX8UD5/drivers/upower/upower_api.c:1429:5:upwr_vtm_power_measure	24	static
/home/akhilalabs/Projects/FW/SDK_2_15_000_EVK9-MIMX8ULP/devices/MIMX8UD5/drivers/upower/upower_api.c:1497:5:upwr_vtm_vmeter_measure	24	static
/home/akhilalabs/Projects/FW/SDK_2_15_000_EVK9-MIMX8ULP/devices/MIMX8UD5/drivers/upower/upower_api.c:1593:5:upwr_vtm_pmic_config	48	static
/home/akhilalabs/Projects/FW/SDK_2_15_000_EVK9-MIMX8ULP/devices/MIMX8UD5/drivers/upower/upower_api.c:1666:5:upwr_tpm_get_temperature	24	static
/home/akhilalabs/Projects/FW/SDK_2_15_000_EVK9-MIMX8ULP/devices/MIMX8UD5/drivers/upower/upower_api.c:1726:5:upwr_dlm_get_delay_margin	32	static
/home/akhilalabs/Projects/FW/SDK_2_15_000_EVK9-MIMX8ULP/devices/MIMX8UD5/drivers/upower/upower_api.c:1784:5:upwr_dlm_set_delay_margin	32	static
/home/akhilalabs/Projects/FW/SDK_2_15_000_EVK9-MIMX8ULP/devices/MIMX8UD5/drivers/upower/upower_api.c:1845:5:upwr_dlm_process_monitor	24	static
/home/akhilalabs/Projects/FW/SDK_2_15_000_EVK9-MIMX8ULP/devices/MIMX8UD5/drivers/upower/upower_api.c:1897:5:upwr_pwm_dom_power_on	32	static
/home/akhilalabs/Projects/FW/SDK_2_15_000_EVK9-MIMX8ULP/devices/MIMX8UD5/drivers/upower/upower_api.c:1953:5:upwr_pwm_boot_start	24	static
/home/akhilalabs/Projects/FW/SDK_2_15_000_EVK9-MIMX8ULP/devices/MIMX8UD5/drivers/upower/upower_api.c:2009:5:upwr_pwm_param	24	static
/home/akhilalabs/Projects/FW/SDK_2_15_000_EVK9-MIMX8ULP/devices/MIMX8UD5/drivers/upower/upower_api.c:2067:5:upwr_pwm_chng_reg_voltage	32	static
/home/akhilalabs/Projects/FW/SDK_2_15_000_EVK9-MIMX8ULP/devices/MIMX8UD5/drivers/upower/upower_api.c:2155:5:upwr_pwm_freq_setup	32	static
/home/akhilalabs/Projects/FW/SDK_2_15_000_EVK9-MIMX8ULP/devices/MIMX8UD5/drivers/upower/upower_api.c:2230:5:upwr_pwm_power_on	48	static
/home/akhilalabs/Projects/FW/SDK_2_15_000_EVK9-MIMX8ULP/devices/MIMX8UD5/drivers/upower/upower_api.c:2323:5:upwr_pwm_power_off	48	static
/home/akhilalabs/Projects/FW/SDK_2_15_000_EVK9-MIMX8ULP/devices/MIMX8UD5/drivers/upower/upower_api.c:2407:5:upwr_pwm_mem_retain	40	static
/home/akhilalabs/Projects/FW/SDK_2_15_000_EVK9-MIMX8ULP/devices/MIMX8UD5/drivers/upower/upower_api.c:2497:5:upwr_pwm_chng_switch_mem	48	static
/home/akhilalabs/Projects/FW/SDK_2_15_000_EVK9-MIMX8ULP/devices/MIMX8UD5/drivers/upower/upower_api.c:2577:5:upwr_pwm_pmode_config	40	static
/home/akhilalabs/Projects/FW/SDK_2_15_000_EVK9-MIMX8ULP/devices/MIMX8UD5/drivers/upower/upower_api.c:2645:5:upwr_pwm_reg_config	40	static
/home/akhilalabs/Projects/FW/SDK_2_15_000_EVK9-MIMX8ULP/devices/MIMX8UD5/drivers/upower/upower_api.c:2704:5:upwr_pwm_chng_dom_bias	32	static
/home/akhilalabs/Projects/FW/SDK_2_15_000_EVK9-MIMX8ULP/devices/MIMX8UD5/drivers/upower/upower_api.c:2757:5:upwr_pwm_chng_mem_bias	32	static
/home/akhilalabs/Projects/FW/SDK_2_15_000_EVK9-MIMX8ULP/devices/MIMX8UD5/drivers/upower/upower_api.c:2874:5:upwr_dgn_mode	24	static
/home/akhilalabs/Projects/FW/SDK_2_15_000_EVK9-MIMX8ULP/devices/MIMX8UD5/drivers/upower/upower_api.c:2907:10:upwr_rom_version	32	static
/home/akhilalabs/Projects/FW/SDK_2_15_000_EVK9-MIMX8ULP/devices/MIMX8UD5/drivers/upower/upower_api.c:2931:10:upwr_ram_version	24	static
/home/akhilalabs/Projects/FW/SDK_2_15_000_EVK9-MIMX8ULP/devices/MIMX8UD5/drivers/upower/upower_api.c:2964:19:upwr_req_status	32	static
/home/akhilalabs/Projects/FW/SDK_2_15_000_EVK9-MIMX8ULP/devices/MIMX8UD5/drivers/upower/upower_api.c:3018:19:upwr_poll_req_status	32	static
/home/akhilalabs/Projects/FW/SDK_2_15_000_EVK9-MIMX8ULP/devices/MIMX8UD5/drivers/upower/upower_api.c:3060:14:upwr_alarm_code	4	static
/home/akhilalabs/Projects/FW/SDK_2_15_000_EVK9-MIMX8ULP/devices/MIMX8UD5/drivers/upower/upower_api.c:3077:6:upwr_copy2tr	32	static
/home/akhilalabs/Projects/FW/SDK_2_15_000_EVK9-MIMX8ULP/devices/MIMX8UD5/drivers/upower/upower_api.c:3102:5:upwr_tx	24	static
/home/akhilalabs/Projects/FW/SDK_2_15_000_EVK9-MIMX8ULP/devices/MIMX8UD5/drivers/upower/upower_api.c:3141:5:upwr_rx	24	static
/home/akhilalabs/Projects/FW/SDK_2_15_000_EVK9-MIMX8ULP/devices/MIMX8UD5/drivers/upower/upower_api.c:3187:5:upwr_rx_callback	16	static
/home/akhilalabs/Projects/FW/SDK_2_15_000_EVK9-MIMX8ULP/devices/MIMX8UD5/drivers/upower/upower_api.c:3207:6:msg_copy	32	static
